Component: ARM Compiler 5.06 update 7 (build 960) Tool: armlink [4d3601]

==============================================================================

Section Cross References

    startup_stm32f103xe.o(STACK) refers (Special) to heapauxi.o(.text) for __use_two_region_memory
    startup_stm32f103xe.o(HEAP) refers (Special) to heapauxi.o(.text) for __use_two_region_memory
    startup_stm32f103xe.o(RESET) refers (Special) to heapauxi.o(.text) for __use_two_region_memory
    startup_stm32f103xe.o(RESET) refers to startup_stm32f103xe.o(STACK) for __initial_sp
    startup_stm32f103xe.o(RESET) refers to startup_stm32f103xe.o(.text) for Reset_Handler
    startup_stm32f103xe.o(RESET) refers to stm32f1xx_it.o(i.NMI_Handler) for NMI_Handler
    startup_stm32f103xe.o(RESET) refers to stm32f1xx_it.o(i.HardFault_Handler) for HardFault_Handler
    startup_stm32f103xe.o(RESET) refers to stm32f1xx_it.o(i.MemManage_Handler) for MemManage_Handler
    startup_stm32f103xe.o(RESET) refers to stm32f1xx_it.o(i.BusFault_Handler) for BusFault_Handler
    startup_stm32f103xe.o(RESET) refers to stm32f1xx_it.o(i.UsageFault_Handler) for UsageFault_Handler
    startup_stm32f103xe.o(RESET) refers to stm32f1xx_it.o(i.SVC_Handler) for SVC_Handler
    startup_stm32f103xe.o(RESET) refers to stm32f1xx_it.o(i.DebugMon_Handler) for DebugMon_Handler
    startup_stm32f103xe.o(RESET) refers to stm32f1xx_it.o(i.PendSV_Handler) for PendSV_Handler
    startup_stm32f103xe.o(RESET) refers to stm32f1xx_it.o(i.SysTick_Handler) for SysTick_Handler
    startup_stm32f103xe.o(RESET) refers to stm32f1xx_it.o(i.DMA1_Channel6_IRQHandler) for DMA1_Channel6_IRQHandler
    startup_stm32f103xe.o(RESET) refers to stm32f1xx_it.o(i.TIM2_IRQHandler) for TIM2_IRQHandler
    startup_stm32f103xe.o(RESET) refers to stm32f1xx_it.o(i.USART2_IRQHandler) for USART2_IRQHandler
    startup_stm32f103xe.o(.text) refers (Special) to heapauxi.o(.text) for __use_two_region_memory
    startup_stm32f103xe.o(.text) refers to system_stm32f1xx.o(i.SystemInit) for SystemInit
    startup_stm32f103xe.o(.text) refers to __main.o(!!!main) for __main
    startup_stm32f103xe.o(.text) refers to startup_stm32f103xe.o(HEAP) for Heap_Mem
    startup_stm32f103xe.o(.text) refers to startup_stm32f103xe.o(STACK) for Stack_Mem
    main.o(i.HAL_TIM_PeriodElapsedCallback) refers to at_function.o(i.at_time_callback) for at_time_callback
    main.o(i.HAL_UARTEx_RxEventCallback) refers to at_function.o(i.at_get_msg) for at_get_msg
    main.o(i.HAL_UARTEx_RxEventCallback) refers to main.o(.bss) for u2_rx
    main.o(i.SystemClock_Config) refers to rt_memclr_w.o(.text) for __aeabi_memclr4
    main.o(i.SystemClock_Config) refers to stm32f1xx_hal_rcc.o(i.HAL_RCC_OscConfig) for HAL_RCC_OscConfig
    main.o(i.SystemClock_Config) refers to main.o(i.Error_Handler) for Error_Handler
    main.o(i.SystemClock_Config) refers to stm32f1xx_hal_rcc.o(i.HAL_RCC_ClockConfig) for HAL_RCC_ClockConfig
    main.o(i.main) refers to stm32f1xx_hal.o(i.HAL_Init) for HAL_Init
    main.o(i.main) refers to main.o(i.SystemClock_Config) for SystemClock_Config
    main.o(i.main) refers to gpio.o(i.MX_GPIO_Init) for MX_GPIO_Init
    main.o(i.main) refers to dma.o(i.MX_DMA_Init) for MX_DMA_Init
    main.o(i.main) refers to tim.o(i.MX_TIM2_Init) for MX_TIM2_Init
    main.o(i.main) refers to usart.o(i.MX_USART2_UART_Init) for MX_USART2_UART_Init
    main.o(i.main) refers to stm32f1xx_hal_uart.o(i.HAL_UARTEx_ReceiveToIdle_DMA) for HAL_UARTEx_ReceiveToIdle_DMA
    main.o(i.main) refers to stm32f1xx_hal_tim.o(i.HAL_TIM_Base_Start_IT) for HAL_TIM_Base_Start_IT
    main.o(i.main) refers to at_function.o(i.AT_poll) for AT_poll
    main.o(i.main) refers to at_function.o(i.AT_upload_poll) for AT_upload_poll
    main.o(i.main) refers to stm32f1xx_hal.o(i.HAL_Delay) for HAL_Delay
    main.o(i.main) refers to main.o(.bss) for u2_rx
    main.o(i.main) refers to usart.o(.bss) for huart2
    main.o(i.main) refers to tim.o(.bss) for htim2
    dma.o(i.MX_DMA_Init) refers to stm32f1xx_hal_cortex.o(i.HAL_NVIC_SetPriority) for HAL_NVIC_SetPriority
    dma.o(i.MX_DMA_Init) refers to stm32f1xx_hal_cortex.o(i.HAL_NVIC_EnableIRQ) for HAL_NVIC_EnableIRQ
    tim.o(i.HAL_TIM_Base_MspDeInit) refers to stm32f1xx_hal_cortex.o(i.HAL_NVIC_DisableIRQ) for HAL_NVIC_DisableIRQ
    tim.o(i.HAL_TIM_Base_MspInit) refers to stm32f1xx_hal_cortex.o(i.HAL_NVIC_SetPriority) for HAL_NVIC_SetPriority
    tim.o(i.HAL_TIM_Base_MspInit) refers to stm32f1xx_hal_cortex.o(i.HAL_NVIC_EnableIRQ) for HAL_NVIC_EnableIRQ
    tim.o(i.MX_TIM2_Init) refers to stm32f1xx_hal_tim.o(i.HAL_TIM_Base_Init) for HAL_TIM_Base_Init
    tim.o(i.MX_TIM2_Init) refers to main.o(i.Error_Handler) for Error_Handler
    tim.o(i.MX_TIM2_Init) refers to stm32f1xx_hal_tim.o(i.HAL_TIM_ConfigClockSource) for HAL_TIM_ConfigClockSource
    tim.o(i.MX_TIM2_Init) refers to stm32f1xx_hal_tim_ex.o(i.HAL_TIMEx_MasterConfigSynchronization) for HAL_TIMEx_MasterConfigSynchronization
[...]
    I2C1_EV_IRQHandler                       0x080002db   Thumb Code     0  startup_stm32f103xe.o(.text)
    I2C2_ER_IRQHandler                       0x080002db   Thumb Code     0  startup_stm32f103xe.o(.text)
    I2C2_EV_IRQHandler                       0x080002db   Thumb Code     0  startup_stm32f103xe.o(.text)
    PVD_IRQHandler                           0x080002db   Thumb Code     0  startup_stm32f103xe.o(.text)
    RCC_IRQHandler                           0x080002db   Thumb Code     0  startup_stm32f103xe.o(.text)
    RTC_Alarm_IRQHandler                     0x080002db   Thumb Code     0  startup_stm32f103xe.o(.text)
    RTC_IRQHandler                           0x080002db   Thumb Code     0  startup_stm32f103xe.o(.text)
    SDIO_IRQHandler                          0x080002db   Thumb Code     0  startup_stm32f103xe.o(.text)
    SPI1_IRQHandler                          0x080002db   Thumb Code     0  startup_stm32f103xe.o(.text)
    SPI2_IRQHandler                          0x080002db   Thumb Code     0  startup_stm32f103xe.o(.text)
    SPI3_IRQHandler                          0x080002db   Thumb Code     0  startup_stm32f103xe.o(.text)
    TAMPER_IRQHandler                        0x080002db   Thumb Code     0  startup_stm32f103xe.o(.text)
    TIM1_BRK_IRQHandler                      0x080002db   Thumb Code     0  startup_stm32f103xe.o(.text)
    TIM1_CC_IRQHandler                       0x080002db   Thumb Code     0  startup_stm32f103xe.o(.text)
    TIM1_TRG_COM_IRQHandler                  0x080002db   Thumb Code     0  startup_stm32f103xe.o(.text)
    TIM1_UP_IRQHandler                       0x080002db   Thumb Code     0  startup_stm32f103xe.o(.text)
    TIM3_IRQHandler                          0x080002db   Thumb Code     0  startup_stm32f103xe.o(.text)
    TIM4_IRQHandler                          0x080002db   Thumb Code     0  startup_stm32f103xe.o(.text)
    TIM5_IRQHandler                          0x080002db   Thumb Code     0  startup_stm32f103xe.o(.text)
    TIM6_IRQHandler                          0x080002db   Thumb Code     0  startup_stm32f103xe.o(.text)
    TIM7_IRQHandler                          0x080002db   Thumb Code     0  startup_stm32f103xe.o(.text)
    TIM8_BRK_IRQHandler                      0x080002db   Thumb Code     0  startup_stm32f103xe.o(.text)
    TIM8_CC_IRQHandler                       0x080002db   Thumb Code     0  startup_stm32f103xe.o(.text)
    TIM8_TRG_COM_IRQHandler                  0x080002db   Thumb Code     0  startup_stm32f103xe.o(.text)
    TIM8_UP_IRQHandler                       0x080002db   Thumb Code     0  startup_stm32f103xe.o(.text)
    UART4_IRQHandler                         0x080002db   Thumb Code     0  startup_stm32f103xe.o(.text)
    UART5_IRQHandler                         0x080002db   Thumb Code     0  startup_stm32f103xe.o(.text)
    USART1_IRQHandler                        0x080002db   Thumb Code     0  startup_stm32f103xe.o(.text)
    USART3_IRQHandler                        0x080002db   Thumb Code     0  startup_stm32f103xe.o(.text)
    USBWakeUp_IRQHandler                     0x080002db   Thumb Code     0  startup_stm32f103xe.o(.text)
    USB_HP_CAN1_TX_IRQHandler                0x080002db   Thumb Code     0  startup_stm32f103xe.o(.text)
    USB_LP_CAN1_RX0_IRQHandler               0x080002db   Thumb Code     0  startup_stm32f103xe.o(.text)
    WWDG_IRQHandler                          0x080002db   Thumb Code     0  startup_stm32f103xe.o(.text)
    __user_initial_stackheap                 0x080002dd   Thumb Code     0  startup_stm32f103xe.o(.text)
    malloc                                   0x08000301   Thumb Code    94  h1_alloc.o(.text)
    free                                     0x0800035f   Thumb Code    78  h1_free.o(.text)
    realloc                                  0x080003ad   Thumb Code   184  h1_realloc.o(.text)
    tolower                                  0x08000465   Thumb Code    26  tolower.o(.text)
    vsnprintf                                0x08000481   Thumb Code    48  vsnprintf.o(.text)
    __2sprintf                               0x080004b5   Thumb Code    38  __2sprintf.o(.text)
    __2snprintf                              0x080004e1   Thumb Code    50  __2snprintf.o(.text)
    _printf_pre_padding                      0x08000519   Thumb Code    44  _printf_pad.o(.text)
    _printf_post_padding                     0x08000545   Thumb Code    34  _printf_pad.o(.text)
    _printf_str                              0x08000567   Thumb Code    82  _printf_str.o(.text)
    _printf_int_dec                          0x080005b9   Thumb Code   104  _printf_dec.o(.text)
    _printf_longlong_hex                     0x08000631   Thumb Code    86  _printf_hex_int_ll_ptr.o(.text)
    _printf_int_hex                          0x08000687   Thumb Code    28  _printf_hex_int_ll_ptr.o(.text)
    _printf_ll_hex                           0x080006a3   Thumb Code    12  _printf_hex_int_ll_ptr.o(.text)
    _printf_hex_ptr                          0x080006af   Thumb Code    18  _printf_hex_int_ll_ptr.o(.text)
    __printf                                 0x080006c5   Thumb Code   388  __printf_flags_ss_wp.o(.text)
    __0sscanf                                0x0800084d   Thumb Code    52  __0sscanf.o(.text)
    strchr                                   0x08000889   Thumb Code    20  strchr.o(.text)
    strstr                                   0x0800089d   Thumb Code    36  strstr.o(.text)
    strcpy                                   0x080008c1   Thumb Code    72  strcpy.o(.text)
    strrchr                                  0x08000909   Thumb Code    22  strrchr.o(.text)
    strlen                                   0x0800091f   Thumb Code    62  strlen.o(.text)
    strncmp                                  0x0800095d   Thumb Code   150  strncmp.o(.text)
    __aeabi_memcpy                           0x080009f3   Thumb Code     0  rt_memcpy_v6.o(.text)
    __rt_memcpy                              0x080009f3   Thumb Code   138  rt_memcpy_v6.o(.text)
    _memcpy_lastbytes                        0x08000a59   Thumb Code     0  rt_memcpy_v6.o(.text)
    __aeabi_memcpy4                          0x08000a7d   Thumb Code     0  rt_memcpy_w.o(.text)
    __aeabi_memcpy8                          0x08000a7d   Thumb Code     0  rt_memcpy_w.o(.text)
    __rt_memcpy_w                            0x08000a7d   Thumb Code   100  rt_memcpy_w.o(.text)
    _memcpy_lastbytes_aligned                0x08000ac5   Thumb Code     0  rt_memcpy_w.o(.text)
    __aeabi_memclr                           0x08000ae1   Thumb Code     0  rt_memclr.o(.text)
    __rt_memclr                              0x08000ae1   Thumb Code    68  rt_memclr.o(.text)
    _memset                                  0x08000ae5   Thumb Code     0  rt_memclr.o(.text)
    __aeabi_memclr4                          0x08000b25   Thumb Code     0  rt_memclr_w.o(.text)
    __aeabi_memclr8                          0x08000b25   Thumb Code     0  rt_memclr_w.o(.text)
    __rt_memclr_w                            0x08000b25   Thumb Code    78  rt_memclr_w.o(.text)
    _memset_w                                0x08000b29   Thumb Code     0  rt_memclr_w.o(.text)
    strncpy                                  0x08000b73   Thumb Code    86  strncpy.o(.text)
    strcmp                                   0x08000bc9   Thumb Code   128  strcmpv7m.o(.text)
    __use_two_region_memory                  0x08000c49   Thumb Code     2  heapauxi.o(.text)
    __rt_heap_escrow                         0x08000c4b   Thumb Code     2  heapauxi.o(.text)
    __rt_heap_expand                         0x08000c4d   Thumb Code     2  heapauxi.o(.text)
    __rt_ctype_table                         0x08000c51   Thumb Code    16  rt_ctype_table.o(.text)
    __rt_heap_descriptor                     0x08000c61   Thumb Code     8  rt_heap_descriptor_intlibspace.o(.text)
    __aeabi_errno_addr                       0x08000c69   Thumb Code     8  rt_errno_addr_intlibspace.o(.text)
    __errno$intlibspace                      0x08000c69   Thumb Code     0  rt_errno_addr_intlibspace.o(.text)
    __rt_errno_addr$intlibspace              0x08000c69   Thumb Code     0  rt_errno_addr_intlibspace.o(.text)
    __use_no_heap                            0x08000c71   Thumb Code     2  hguard.o(.text)
    __heap$guard                             0x08000c73   Thumb Code     2  hguard.o(.text)
    _terminate_user_alloc                    0x08000c75   Thumb Code     2  init_alloc.o(.text)
    _init_user_alloc                         0x08000c77   Thumb Code     2  init_alloc.o(.text)
    __Heap_Full                              0x08000c79   Thumb Code    34  init_alloc.o(.text)
    __Heap_Broken                            0x08000c9b   Thumb Code     6  init_alloc.o(.text)
    _init_alloc                              0x08000ca1   Thumb Code    94  init_alloc.o(.text)
    __Heap_Initialize                        0x08000cff   Thumb Code    10  h1_init.o(.text)
    __Heap_DescSize                          0x08000d09   Thumb Code     4  h1_init.o(.text)
    _printf_truncate_signed                  0x08000d0d   Thumb Code    18  _printf_truncate.o(.text)
    _printf_truncate_unsigned                0x08000d1f   Thumb Code    18  _printf_truncate.o(.text)
    _printf_int_common                       0x08000d31   Thumb Code   178  _printf_intcommon.o(.text)
    _printf_charcount                        0x08000de3   Thumb Code    40  _printf_charcount.o(.text)
    __lib_sel_fp_printf                      0x08000e0b   Thumb Code     2  _printf_fp_dec.o(.text)
    _printf_fp_dec_real                      0x08000fbd   Thumb Code   620  _printf_fp_dec.o(.text)
    _printf_char_common                      0x08001233   Thumb Code    32  _printf_char_common.o(.text)
    _sputc                                   0x08001259   Thumb Code    10  _sputc.o(.text)
    _snputc                                  0x08001263   Thumb Code    16  _snputc.o(.text)
    _printf_cs_common                        0x08001273   Thumb Code    20  _printf_char.o(.text)
    _printf_char                             0x08001287   Thumb Code    16  _printf_char.o(.text)
    _printf_string                           0x08001297   Thumb Code     8  _printf_char.o(.text)
    _printf_wctomb                           0x080012a1   Thumb Code   182  _printf_wctomb.o(.text)
    _printf_longlong_dec                     0x0800135d   Thumb Code   108  _printf_longlong_dec.o(.text)
    _printf_longlong_oct                     0x080013d9   Thumb Code    66  _printf_oct_int_ll.o(.text)
    _printf_int_oct                          0x0800141b   Thumb Code    24  _printf_oct_int_ll.o(.text)
    _printf_ll_oct                           0x08001433   Thumb Code    12  _printf_oct_int_ll.o(.text)
    _scanf_really_real                       0x08001695   Thumb Code   684  scanf_fp.o(.text)
    __vfscanf_char                           0x0800194d   Thumb Code    24  scanf_char.o(.text)
    _sgetc                                   0x0800196d   Thumb Code    30  _sgetc.o(.text)
    _sbackspace                              0x0800198b   Thumb Code    34  _sgetc.o(.text)
    __strtod_int                             0x080019e9   Thumb Code    90  strtod.o(.text)
    __user_libspace                          0x08001a51   Thumb Code     8  libspace.o(.text)
    __user_perproc_libspace                  0x08001a51   Thumb Code     0  libspace.o(.text)
    __user_perthread_libspace                0x08001a51   Thumb Code     0  libspace.o(.text)
    __rt_locale                              0x08001a59   Thumb Code     8  rt_locale_intlibspace.o(.text)
    __Heap_ProvideMemory                     0x08001a61   Thumb Code    52  h1_extend.o(.text)
    _ll_udiv10                               0x08001a95   Thumb Code   138  lludiv10.o(.text)
    isspace                                  0x08001b1f   Thumb Code    18  isspace.o(.text)
    _printf_fp_hex_real                      0x08001b31   Thumb Code   756  _printf_fp_hex.o(.text)
    _printf_fp_infnan                        0x08001e2d   Thumb Code   112  _printf_fp_infnan.o(.text)
    _printf_lcs_common                       0x08001ead   Thumb Code    20  _printf_wchar.o(.text)
    _printf_wchar                            0x08001ec1   Thumb Code    16  _printf_wchar.o(.text)
    _printf_wstring                          0x08001ed1   Thumb Code     8  _printf_wchar.o(.text)
    __vfscanf                                0x08001ed9   Thumb Code   880  _scanf.o(.text)
    _btod_etento                             0x0800224d   Thumb Code   224  bigflt0.o(.text)
    _wcrtomb                                 0x08002331   Thumb Code    64  _wcrtomb.o(.text)
    __rt_SIGRTMEM                            0x08002371   Thumb Code    14  defsig_rtmem_outer.o(.text)
    __I$use$semihosting                      0x0800237f   Thumb Code     0  use_no_semi.o(.text)
    __use_no_semihosting_swi                 0x0800237f   Thumb Code     2  use_no_semi.o(.text)
    __semihosting_library_function           0x08002381   Thumb Code     0  indicate_semi.o(.text)
    __user_setup_stackheap                   0x08002381   Thumb Code    74  sys_stackheap_outer.o(.text)
    __read_errno                             0x080023cb   Thumb Code    10  _rserrno.o(.text)
    __set_errno                              0x080023d5   Thumb Code    12  _rserrno.o(.text)
    _chval                                   0x080023e1   Thumb Code    28  _chval.o(.text)
    _scanf_really_hex_real                   0x080023fd   Thumb Code   786  scanf_hexfp.o(.text)
    _scanf_really_infnan                     0x0800271d   Thumb Code   292  scanf_infnan.o(.text)
    exit                                     0x08002851   Thumb Code    18  exit.o(.text)
    __sig_exit                               0x08002863   Thumb Code    10  defsig_exit.o(.text)
    __rt_SIGRTMEM_inner                      0x0800286d   Thumb Code    22  defsig_rtmem_inner.o(.text)
    _sys_exit                                0x080028bd   Thumb Code     8  sys_exit.o(.text)
    __aeabi_llsl                             0x080028c9   Thumb Code     0  llshl.o(.text)
    _ll_shift_l                              0x080028c9   Thumb Code    38  llshl.o(.text)
    __default_signal_display                 0x080028ef   Thumb Code    50  defsig_general.o(.text)
    _ttywrch                                 0x08002921   Thumb Code    14  sys_wrch.o(.text)
    _btod_d2e                                0x0800292f   Thumb Code    62  btod.o(CL$$btod_d2e)
    _d2e_denorm_low                          0x0800296d   Thumb Code    70  btod.o(CL$$btod_d2e_denorm_low)
    _d2e_norm_op1                            0x080029b3   Thumb Code    96  btod.o(CL$$btod_d2e_norm_op1)
    __btod_div_common                        0x08002a13   Thumb Code   696  btod.o(CL$$btod_div_common)
    _e2d                                     0x08002d4d   Thumb Code   122  btod.o(CL$$btod_e2d)
    _e2e                                     0x08002dd1   Thumb Code   220  btod.o(CL$$btod_e2e)
    _btod_ediv                               0x08002ead   Thumb Code    42  btod.o(CL$$btod_ediv)
    _btod_edivd                              0x08002ed7   Thumb Code    42  btod.o(CL$$btod_edivd)
    _btod_emul                               0x08002f01   Thumb Code    42  btod.o(CL$$btod_emul)
    _btod_emuld                              0x08002f2b   Thumb Code    42  btod.o(CL$$btod_emuld)
    __btod_mult_common                       0x08002f55   Thumb Code   580  btod.o(CL$$btod_mult_common)
    AT_Cmd_Register                          0x08003199   Thumb Code   192  at_function.o(i.AT_Cmd_Register)
    AT_HW_INIT_CallBack                      0x0800325d   Thumb Code    24  at_function.o(i.AT_HW_INIT_CallBack)
    AT_IDLE_CallBack                         0x0800327d   Thumb Code    52  at_function.o(i.AT_IDLE_CallBack)
    AT_INIT_CallBack                         0x080032b5   Thumb Code   124  at_function.o(i.AT_INIT_CallBack)
    AT_REGISTER_CallBack                     0x08003339   Thumb Code    30  at_function.o(i.AT_REGISTER_CallBack)
    AT_SendCmd                               0x08003359   Thumb Code   146  at_function.o(i.AT_SendCmd)
    AT_poll                                  0x080033f1   Thumb Code    40  at_function.o(i.AT_poll)
    AT_upload_poll                           0x08003421   Thumb Code    72  at_function.o(i.AT_upload_poll)
    BusFault_Handler                         0x08003471   Thumb Code     4  stm32f1xx_it.o(i.BusFault_Handler)
    DMA1_Channel6_IRQHandler                 0x08003475   Thumb Code    10  stm32f1xx_it.o(i.DMA1_Channel6_IRQHandler)
    DebugMon_Handler                         0x080034b1   Thumb Code     2  stm32f1xx_it.o(i.DebugMon_Handler)
    Error_Handler                            0x080034b3   Thumb Code     6  main.o(i.Error_Handler)
    HAL_DMA_Abort                            0x080034b9   Thumb Code    86  stm32f1xx_hal_dma.o(i.HAL_DMA_Abort)
    HAL_DMA_Abort_IT                         0x08003511   Thumb Code   414  stm32f1xx_hal_dma.o(i.HAL_DMA_Abort_IT)
    HAL_DMA_IRQHandler                       0x080036b9   Thumb Code   910  stm32f1xx_hal_dma.o(i.HAL_DMA_IRQHandler)
    HAL_DMA_Init                             0x08003a51   Thumb Code   132  stm32f1xx_hal_dma.o(i.HAL_DMA_Init)
    HAL_DMA_Start_IT                         0x08003add   Thumb Code   156  stm32f1xx_hal_dma.o(i.HAL_DMA_Start_IT)
    HAL_Delay                                0x08003b79   Thumb Code    36  stm32f1xx_hal.o(i.HAL_Delay)
    HAL_GPIO_Init                            0x08003ba1   Thumb Code   792  stm32f1xx_hal_gpio.o(i.HAL_GPIO_Init)
    HAL_GetTick                              0x08003ee1   Thumb Code     6  stm32f1xx_hal.o(i.HAL_GetTick)
    HAL_IncTick                              0x08003eed   Thumb Code    16  stm32f1xx_hal.o(i.HAL_IncTick)
    HAL_Init                                 0x08003f05   Thumb Code    34  stm32f1xx_hal.o(i.HAL_Init)
    HAL_InitTick                             0x08003f2d   Thumb Code    64  stm32f1xx_hal.o(i.HAL_InitTick)
    HAL_MspInit                              0x08003f79   Thumb Code    76  stm32f1xx_hal_msp.o(i.HAL_MspInit)
    HAL_NVIC_EnableIRQ                       0x08003fcd   Thumb Code    32  stm32f1xx_hal_cortex.o(i.HAL_NVIC_EnableIRQ)
    HAL_NVIC_SetPriority                     0x08003fed   Thumb Code   124  stm32f1xx_hal_cortex.o(i.HAL_NVIC_SetPriority)
    HAL_NVIC_SetPriorityGrouping             0x08004069   Thumb Code    32  stm32f1xx_hal_cortex.o(i.HAL_NVIC_SetPriorityGrouping)
    HAL_RCC_ClockConfig                      0x08004091   Thumb Code   376  stm32f1xx_hal_rcc.o(i.HAL_RCC_ClockConfig)
    HAL_RCC_GetHCLKFreq                      0x0800421d   Thumb Code     6  stm32f1xx_hal_rcc.o(i.HAL_RCC_GetHCLKFreq)
    HAL_RCC_GetPCLK1Freq                     0x08004229   Thumb Code    22  stm32f1xx_hal_rcc.o(i.HAL_RCC_GetPCLK1Freq)
    HAL_RCC_GetPCLK2Freq                     0x08004249   Thumb Code    22  stm32f1xx_hal_rcc.o(i.HAL_RCC_GetPCLK2Freq)
    HAL_RCC_GetSysClockFreq                  0x08004269   Thumb Code    92  stm32f1xx_hal_rcc.o(i.HAL_RCC_GetSysClockFreq)
    HAL_RCC_OscConfig                        0x080042d9   Thumb Code  1114  stm32f1xx_hal_rcc.o(i.HAL_RCC_OscConfig)
    HAL_SYSTICK_Config                       0x0800473d   Thumb Code    52  stm32f1xx_hal_cortex.o(i.HAL_SYSTICK_Config)
    HAL_TIMEx_BreakCallback                  0x08004771   Thumb Code     2  stm32f1xx_hal_tim_ex.o(i.HAL_TIMEx_BreakCallback)
    HAL_TIMEx_CommutCallback                 0x08004773   Thumb Code     2  stm32f1xx_hal_tim_ex.o(i.HAL_TIMEx_CommutCallback)
    HAL_TIMEx_MasterConfigSynchronization    0x08004775   Thumb Code   134  stm32f1xx_hal_tim_ex.o(i.HAL_TIMEx_MasterConfigSynchronization)
    HAL_TIM_Base_Init                        0x08004811   Thumb Code   102  stm32f1xx_hal_tim.o(i.HAL_TIM_Base_Init)
    HAL_TIM_Base_MspInit                     0x08004879   Thumb Code    58  tim.o(i.HAL_TIM_Base_MspInit)
    HAL_TIM_Base_Start_IT                    0x080048b9   Thumb Code   122  stm32f1xx_hal_tim.o(i.HAL_TIM_Base_Start_IT)
    HAL_TIM_ConfigClockSource                0x08004949   Thumb Code   268  stm32f1xx_hal_tim.o(i.HAL_TIM_ConfigClockSource)
    HAL_TIM_IC_CaptureCallback               0x08004a55   Thumb Code     2  stm32f1xx_hal_tim.o(i.HAL_TIM_IC_CaptureCallback)
    HAL_TIM_IRQHandler                       0x08004a57   Thumb Code   364  stm32f1xx_hal_tim.o(i.HAL_TIM_IRQHandler)
    HAL_TIM_OC_DelayElapsedCallback          0x08004bc3   Thumb Code     2  stm32f1xx_hal_tim.o(i.HAL_TIM_OC_DelayElapsedCallback)
    HAL_TIM_PWM_PulseFinishedCallback        0x08004bc5   Thumb Code     2  stm32f1xx_hal_tim.o(i.HAL_TIM_PWM_PulseFinishedCallback)
    HAL_TIM_PeriodElapsedCallback            0x08004bc7   Thumb Code    18  main.o(i.HAL_TIM_PeriodElapsedCallback)
    HAL_TIM_TriggerCallback                  0x08004bd9   Thumb Code     2  stm32f1xx_hal_tim.o(i.HAL_TIM_TriggerCallback)
    HAL_UARTEx_ReceiveToIdle_DMA             0x08004bdb   Thumb Code   112  stm32f1xx_hal_uart.o(i.HAL_UARTEx_ReceiveToIdle_DMA)
    HAL_UARTEx_RxEventCallback               0x08004c4d   Thumb Code    24  main.o(i.HAL_UARTEx_RxEventCallback)
    HAL_UART_ErrorCallback                   0x08004c6d   Thumb Code     2  stm32f1xx_hal_uart.o(i.HAL_UART_ErrorCallback)
    HAL_UART_IRQHandler                      0x08004c71   Thumb Code   736  stm32f1xx_hal_uart.o(i.HAL_UART_IRQHandler)
    HAL_UART_Init                            0x08004f55   Thumb Code   118  stm32f1xx_hal_uart.o(i.HAL_UART_Init)
    HAL_UART_MspInit                         0x08004fcd   Thumb Code   186  usart.o(i.HAL_UART_MspInit)
    HAL_UART_RxCpltCallback                  0x0800509d   Thumb Code     2  stm32f1xx_hal_uart.o(i.HAL_UART_RxCpltCallback)
    HAL_UART_RxHalfCpltCallback              0x0800509f   Thumb Code     2  stm32f1xx_hal_uart.o(i.HAL_UART_RxHalfCpltCallback)
    HAL_UART_Transmit                        0x080050a1   Thumb Code   190  stm32f1xx_hal_uart.o(i.HAL_UART_Transmit)
    HAL_UART_TxCpltCallback                  0x0800515f   Thumb Code     2  stm32f1xx_hal_uart.o(i.HAL_UART_TxCpltCallback)
    HardFault_Handler                        0x08005161   Thumb Code     4  stm32f1xx_it.o(i.HardFault_Handler)
    MQTTDISCONNECTED_CallBack                0x08005165   Thumb Code    18  at_mqtt.o(i.MQTTDISCONNECTED_CallBack)
    MX_DMA_Init                              0x08005179   Thumb Code    48  dma.o(i.MX_DMA_Init)
    MX_GPIO_Init                             0x080051ad   Thumb Code    58  gpio.o(i.MX_GPIO_Init)
    MX_TIM2_Init                             0x080051ed   Thumb Code   104  tim.o(i.MX_TIM2_Init)
    MX_USART2_UART_Init                      0x08005259   Thumb Code    46  usart.o(i.MX_USART2_UART_Init)
    MemManage_Handler                        0x08005291   Thumb Code     4  stm32f1xx_it.o(i.MemManage_Handler)
    NMI_Handler                              0x08005295   Thumb Code     4  stm32f1xx_it.o(i.NMI_Handler)
    PendSV_Handler                           0x08005299   Thumb Code     2  stm32f1xx_it.o(i.PendSV_Handler)
    SVC_Handler                              0x080052c5   Thumb Code     2  stm32f1xx_it.o(i.SVC_Handler)
    SysTick_Handler                          0x080052c7   Thumb Code     8  stm32f1xx_it.o(i.SysTick_Handler)
    SystemClock_Config                       0x080052cf   Thumb Code   102  main.o(i.SystemClock_Config)
    SystemInit                               0x08005335   Thumb Code     2  system_stm32f1xx.o(i.SystemInit)
    TIM2_IRQHandler                          0x08005339   Thumb Code    10  stm32f1xx_it.o(i.TIM2_IRQHandler)
    TIM_Base_SetConfig                       0x08005349   Thumb Code   150  stm32f1xx_hal_tim.o(i.TIM_Base_SetConfig)
    TIM_ETR_SetConfig                        0x080053f5   Thumb Code    22  stm32f1xx_hal_tim.o(i.TIM_ETR_SetConfig)
    UART_Start_Receive_DMA                   0x08005851   Thumb Code   186  stm32f1xx_hal_uart.o(i.UART_Start_Receive_DMA)
    USART2_IRQHandler                        0x08005a05   Thumb Code    22  stm32f1xx_it.o(i.USART2_IRQHandler)
    UsageFault_Handler                       0x08005a25   Thumb Code     4  stm32f1xx_it.o(i.UsageFault_Handler)
    __ARM_fpclassify                         0x08005a29   Thumb Code    40  fpclassify.o(i.__ARM_fpclassify)
    __mathlib_dbl_overflow                   0x08005a89   Thumb Code    14  dunder.o(i.__mathlib_dbl_overflow)
    __mathlib_dbl_underflow                  0x08005a99   Thumb Code    10  dunder.o(i.__mathlib_dbl_underflow)
    __mathlib_narrow                         0x08005aa9   Thumb Code    16  narrow.o(i.__mathlib_narrow)
    __mathlib_tofloat                        0x08005ab9   Thumb Code   184  narrow.o(i.__mathlib_tofloat)
    __support_ldexp                          0x08005b75   Thumb Code    22  ldexp.o(i.__support_ldexp)
    _is_digit                                0x08005b8b   Thumb Code    14  __printf_wp.o(i._is_digit)
    at_clear                                 0x08005c49   Thumb Code    16  at_function.o(i.at_clear)
    at_get_msg                               0x08005c81   Thumb Code    30  at_function.o(i.at_get_msg)
    at_time_callback                         0x08005d9d   Thumb Code    82  at_function.o(i.at_time_callback)
    cJSON_AddItemToObject                    0x08005e49   Thumb Code    26  cjson.o(i.cJSON_AddItemToObject)
    cJSON_AddNumberToObject                  0x08005e69   Thumb Code    56  cjson.o(i.cJSON_AddNumberToObject)
    cJSON_AddStringToObject                  0x08005ea5   Thumb Code    48  cjson.o(i.cJSON_AddStringToObject)
    cJSON_CreateNumber                       0x08005ed9   Thumb Code    82  cjson.o(i.cJSON_CreateNumber)
    cJSON_CreateObject                       0x08005f3d   Thumb Code    20  cjson.o(i.cJSON_CreateObject)
    cJSON_CreateString                       0x08005f55   Thumb Code    46  cjson.o(i.cJSON_CreateString)
    cJSON_Delete                             0x08005f89   Thumb Code    92  cjson.o(i.cJSON_Delete)
    cJSON_GetErrorPtr                        0x08005fe9   Thumb Code    12  cjson.o(i.cJSON_GetErrorPtr)
    cJSON_GetObjectItem                      0x08005ff9   Thumb Code    18  cjson.o(i.cJSON_GetObjectItem)
    cJSON_GetObjectItemCaseSensitive         0x0800600b   Thumb Code    18  cjson.o(i.cJSON_GetObjectItemCaseSensitive)
    cJSON_Parse                              0x08006037   Thumb Code    16  cjson.o(i.cJSON_Parse)
    cJSON_ParseWithLengthOpts                0x08006049   Thumb Code   204  cjson.o(i.cJSON_ParseWithLengthOpts)
    cJSON_ParseWithOpts                      0x0800611d   Thumb Code    40  cjson.o(i.cJSON_ParseWithOpts)
    cJSON_PrintUnformatted                   0x08006145   Thumb Code    16  cjson.o(i.cJSON_PrintUnformatted)
    frexp                                    0x08006309   Thumb Code    80  frexp.o(i.frexp)
    ldexp                                    0x080063df   Thumb Code   116  ldexp.o(i.ldexp)
    main                                     0x08006455   Thumb Code    60  main.o(i.main)
    mqtt_cmd_init                            0x0800649d   Thumb Code   216  at_mqtt.o(i.mqtt_cmd_init)
    mqtt_parse                               0x080066c9   Thumb Code   258  at_mqtt.o(i.mqtt_parse)
    mqtt_pub                                 0x080067e5   Thumb Code    74  at_mqtt.o(i.mqtt_pub)
    mqtt_refresh                             0x08006859   Thumb Code   222  at_mqtt.o(i.mqtt_refresh)
    ringbuf_free_size                        0x08007771   Thumb Code    16  at_ringbuf.o(i.ringbuf_free_size)
    ringbuf_init                             0x08007781   Thumb Code    28  at_ringbuf.o(i.ringbuf_init)
    ringbuf_is_empty                         0x0800779d   Thumb Code    20  at_ringbuf.o(i.ringbuf_is_empty)
    ringbuf_read                             0x080077b1   Thumb Code   106  at_ringbuf.o(i.ringbuf_read)
    ringbuf_reset                            0x0800781b   Thumb Code    30  at_ringbuf.o(i.ringbuf_reset)
    ringbuf_update_read_ptr                  0x08007839   Thumb Code    58  at_ringbuf.o(i.ringbuf_update_read_ptr)
    ringbuf_used_size                        0x08007873   Thumb Code    12  at_ringbuf.o(i.ringbuf_used_size)
    ringbuf_write                            0x0800787f   Thumb Code   128  at_ringbuf.o(i.ringbuf_write)
    set_ack                                  0x08007901   Thumb Code    54  at_mqtt.o(i.set_ack)
    strtod                                   0x080079cd   Thumb Code    28  strtod.o(i.strtod)
    _get_lc_ctype                            0x08007b41   Thumb Code    44  lc_ctype_c.o(locale$$code)
    _get_lc_numeric                          0x08007b6d   Thumb Code    44  lc_numeric_c.o(locale$$code)
    __aeabi_d2f                              0x08007b99   Thumb Code     0  d2f.o(x$fpl$d2f)
    _d2f                                     0x08007b99   Thumb Code    98  d2f.o(x$fpl$d2f)
    __aeabi_dadd                             0x08007bfd   Thumb Code     0  daddsub_clz.o(x$fpl$dadd)
    _dadd                                    0x08007bfd   Thumb Code   332  daddsub_clz.o(x$fpl$dadd)
    __fpl_dcheck_NaN1                        0x08007d4d   Thumb Code    10  dcheck1.o(x$fpl$dcheck1)
    __fpl_dcmp_Inf                           0x08007d5d   Thumb Code    24  dcmpi.o(x$fpl$dcmpinf)
    __aeabi_cdcmpeq                          0x08007d75   Thumb Code     0  deqf.o(x$fpl$deqf)
    _dcmpeq                                  0x08007d75   Thumb Code   120  deqf.o(x$fpl$deqf)
    __aeabi_d2iz                             0x08007ded   Thumb Code     0  dfix.o(x$fpl$dfix)
    _dfix                                    0x08007ded   Thumb Code    94  dfix.o(x$fpl$dfix)
    __aeabi_i2d                              0x08007e4b   Thumb Code     0  dflt_clz.o(x$fpl$dflt)
    _dflt                                    0x08007e4b   Thumb Code    46  dflt_clz.o(x$fpl$dflt)
    __aeabi_cdcmple                          0x08007e79   Thumb Code     0  dleqf.o(x$fpl$dleqf)
    _dcmple                                  0x08007e79   Thumb Code   120  dleqf.o(x$fpl$dleqf)
    __fpl_dcmple_InfNaN                      0x08007edb   Thumb Code     0  dleqf.o(x$fpl$dleqf)
    __aeabi_dmul                             0x08007ef1   Thumb Code     0  dmul.o(x$fpl$dmul)
    _dmul                                    0x08007ef1   Thumb Code   332  dmul.o(x$fpl$dmul)
    __fpl_dnaninf                            0x08008045   Thumb Code   156  dnaninf.o(x$fpl$dnaninf)
    __fpl_dretinf                            0x080080e1   Thumb Code    12  dretinf.o(x$fpl$dretinf)
    __aeabi_cdrcmple                         0x080080ed   Thumb Code     0  drleqf.o(x$fpl$drleqf)
    _drcmple                                 0x080080ed   Thumb Code   108  drleqf.o(x$fpl$drleqf)
    __aeabi_dsub                             0x08008159   Thumb Code     0  daddsub_clz.o(x$fpl$dsub)
    _dsub                                    0x08008159   Thumb Code   464  daddsub_clz.o(x$fpl$dsub)
    __fpl_fretinf                            0x0800832d   Thumb Code    10  fretinf.o(x$fpl$fretinf)
    __ieee_status                            0x08008337   Thumb Code     6  istatus.o(x$fpl$ieeestatus)
    _printf_fp_dec                           0x0800833d   Thumb Code     4  printf1.o(x$fpl$printf1)
    _printf_fp_hex                           0x08008341   Thumb Code     4  printf2.o(x$fpl$printf2)
    __fpl_return_NaN                         0x08008345   Thumb Code   100  retnan.o(x$fpl$retnan)
    __ARM_scalbn                             0x080083a9   Thumb Code    92  scalbn.o(x$fpl$scalbn)
    _scanf_real                              0x08008405   Thumb Code     4  scanf1.o(x$fpl$scanf1)
    _scanf_hex_real                          0x08008409   Thumb Code     4  scanf2.o(x$fpl$scanf2)
    _scanf_infnan                            0x0800840d   Thumb Code     4  scanf2.o(x$fpl$scanf2)
    __fpl_cmpreturn                          0x08008411   Thumb Code    48  trapv.o(x$fpl$trapveneer)
    __I$use$fp                               0x08008440   Number         0  usenofp.o(x$fpl$usenofp)
    AHBPrescTable                            0x08008452   Data          16  system_stm32f1xx.o(.constdata)
    APBPrescTable                            0x08008462   Data           8  system_stm32f1xx.o(.constdata)
    Region$$Table$$Base                      0x08008640   Number         0  anon$$obj.o(Region$$Table)
    Region$$Table$$Limit                     0x08008660   Number         0  anon$$obj.o(Region$$Table)
    __aeabi_HUGE_VAL                         0x08008660   Data           0  fpconst.o(c$$dinf)
    __aeabi_HUGE_VALL                        0x08008660   Data           0  fpconst.o(c$$dinf)
    __aeabi_INFINITY                         0x08008660   Data           0  fpconst.o(c$$dinf)
    __dInf                                   0x08008660   Data           0  fpconst.o(c$$dinf)
    __huge_val                               0x08008660   Data           0  fpconst.o(c$$dinf)
    __dbl_max                                0x08008668   Data           0  fpconst.o(c$$dmax)
    __ctype                                  0x0800867d   Data           0  lc_ctype_c.o(locale$$data)
    uwTick                                   0x20000000   Data           4  stm32f1xx_hal.o(.data)
    uwTickPrio                               0x20000004   Data           4  stm32f1xx_hal.o(.data)
    uwTickFreq                               0x20000008   Data           1  stm32f1xx_hal.o(.data)
    SystemCoreClock                          0x2000000c   Data           4  system_stm32f1xx.o(.data)
    at_status                                0x20000010   Data          64  at_function.o(.data)
    AT_Device                                0x20000050   Data         344  at_function.o(.data)
    AT_Cmd_table                             0x200001a8   Data         256  at_function.o(.data)
    AT_URC_table                             0x200002a8   Data         128  at_function.o(.data)
    resp_table                               0x20000328   Data          64  at_function.o(.data)
    u2_rx                                    0x20000384   Data         512  main.o(.bss)
    htim2                                    0x20000584   Data          72  tim.o(.bss)
    huart2                                   0x200005cc   Data          72  usart.o(.bss)
    hdma_usart2_rx                           0x20000614   Data          68  usart.o(.bss)
    at_upload                                0x20000e58   Data          44  at_function.o(.bss)
    AT_RingBuf                               0x20000e84   Data          20  at_ringbuf.o(.bss)
    __libspace_start                         0x20000e98   Data          96  libspace.o(.bss)
    __temporary_stack_top$libspace           0x20000ef8   Data           0  libspace.o(.bss)



==============================================================================

Memory Map of the image

  Image Entry point : 0x08000131

  Load Region LR_IROM1 (Base: 0x08000000, Size: 0x00008b20, Max: 0x00080000, ABSOLUTE, COMPRESSED[0x00008810])

    Execution Region ER_IROM1 (Exec base: 0x08000000, Load base: 0x08000000, Size: 0x0000879c, Max: 0x00080000, ABSOLUTE)

    Exec Addr    Load Addr    Size         Type   Attr      Idx    E Section Name        Object

    0x08000000   0x08000000   0x00000130   Data   RO            3    RESET               startup_stm32f103xe.o
    0x08000130   0x08000130   0x00000008   Code   RO         4460  * !!!main             c_w.l(__main.o)
    0x08000138   0x08000138   0x00000034   Code   RO         4981    !!!scatter          c_w.l(__scatter.o)
    0x0800016c   0x0800016c   0x0000005a   Code   RO         4979    !!dczerorl2         c_w.l(__dczerorl2.o)
    0x080001c6   0x080001c6   0x00000002   PAD
    0x080001c8   0x080001c8   0x0000001c   Code   RO         4983    !!handler_zi        c_w.l(__scatter_zi.o)
    0x080001e4   0x080001e4   0x00000000   Code   RO         4425    .ARM.Collect$$_printf_percent$$00000000  c_w.l(_printf_percent.o)
    0x080001e4   0x080001e4   0x00000006   Code   RO         4561    .ARM.Collect$$_printf_percent$$00000001  c_w.l(_printf_n.o)
    0x080001ea   0x080001ea   0x00000006   Code   RO         4562    .ARM.Collect$$_printf_percent$$00000002  c_w.l(_printf_p.o)
    0x080001f0   0x080001f0   0x00000006   Code   RO         4564    .ARM.Collect$$_printf_percent$$00000003  c_w.l(_printf_f.o)
    0x080001f6   0x080001f6   0x00000006   Code   RO         4565    .ARM.Collect$$_printf_percent$$00000004  c_w.l(_printf_e.o)
    0x080001fc   0x080001fc   0x00000006   Code   RO         4424    .ARM.Collect$$_printf_percent$$00000005  c_w.l(_printf_g.o)
    0x08000202   0x08000202   0x00000006   Code   RO         4566    .ARM.Collect$$_printf_percent$$00000006  c_w.l(_printf_a.o)
    0x08000208   0x08000208   0x0000000a   Code   RO         4571    .ARM.Collect$$_printf_percent$$00000007  c_w.l(_printf_ll.o)
    0x08000212   0x08000212   0x00000006   Code   RO         4421    .ARM.Collect$$_printf_percent$$00000008  c_w.l(_printf_i.o)
    0x08000218   0x08000218   0x00000006   Code   RO         4422    .ARM.Collect$$_printf_percent$$00000009  c_w.l(_printf_d.o)
    0x0800021e   0x0800021e   0x00000006   Code   RO         4423    .ARM.Collect$$_printf_percent$$0000000A  c_w.l(_printf_u.o)
    0x08000224   0x08000224   0x00000006   Code   RO         4563    .ARM.Collect$$_printf_percent$$0000000B  c_w.l(_printf_o.o)
    0x0800022a   0x0800022a   0x00000006   Code   RO         4420    .ARM.Collect$$_printf_percent$$0000000C  c_w.l(_printf_x.o)
    0x08000230   0x08000230   0x00000006   Code   RO         4568    .ARM.Collect$$_printf_percent$$0000000D  c_w.l(_printf_lli.o)
    0x08000236   0x08000236   0x00000006   Code   RO         4569    .ARM.Collect$$_printf_percent$$0000000E  c_w.l(_printf_lld.o)
    0x0800023c   0x0800023c   0x00000006   Code   RO         4570    .ARM.Collect$$_printf_percent$$0000000F  c_w.l(_printf_llu.o)
    0x08000242   0x08000242   0x00000006   Code   RO         4575    .ARM.Collect$$_printf_percent$$00000010  c_w.l(_printf_llo.o)
    0x08000248   0x08000248   0x00000006   Code   RO         4576    .ARM.Collect$$_printf_percent$$00000011  c_w.l(_printf_llx.o)
    0x0800024e   0x0800024e   0x0000000a   Code   RO         4572    .ARM.Collect$$_printf_percent$$00000012  c_w.l(_printf_l.o)
    0x08000258   0x08000258   0x00000006   Code   RO         4560    .ARM.Collect$$_printf_percent$$00000013  c_w.l(_printf_c.o)
    0x0800025e   0x0800025e   0x00000006   Code   RO         4419    .ARM.Collect$$_printf_percent$$00000014  c_w.l(_printf_s.o)
    0x08000264   0x08000264   0x00000006   Code   RO         4573    .ARM.Collect$$_printf_percent$$00000015  c_w.l(_printf_lc.o)
    0x0800026a   0x0800026a   0x00000006   Code   RO         4574    .ARM.Collect$$_printf_percent$$00000016  c_w.l(_printf_ls.o)
    0x08000270   0x08000270   0x00000004   Code   RO         4567    .ARM.Collect$$_printf_percent$$00000017  c_w.l(_printf_percent_end.o)
    0x08000274   0x08000274   0x00000002   Code   RO         4843    .ARM.Collect$$libinit$$00000000  c_w.l(libinit.o)
    0x08000276   0x08000276   0x00000000   Code   RO         4598    .ARM.Collect$$libinit$$00000002  c_w.l(libinit2.o)
    0x08000276   0x08000276   0x00000000   Code   RO         4600    .ARM.Collect$$libinit$$00000004  c_w.l(libinit2.o)
    0x08000276   0x08000276   0x00000008   Code   RO         4601    .ARM.Collect$$libinit$$00000005  c_w.l(libinit2.o)
    0x0800027e   0x0800027e   0x00000000   Code   RO         4603    .ARM.Collect$$libinit$$0000000A  c_w.l(libinit2.o)
    0x0800027e   0x0800027e   0x00000000   Code   RO         4605    .ARM.Collect$$libinit$$0000000C  c_w.l(libinit2.o)
    0x0800027e   0x0800027e   0x00000000   Code   RO         4607    .ARM.Collect$$libinit$$0000000E  c_w.l(libinit2.o)
    0x0800027e   0x0800027e   0x00000006   Code   RO         4608    .ARM.Collect$$libinit$$0000000F  c_w.l(libinit2.o)
    0x08000284   0x08000284   0x00000000   Code   RO         4610    .ARM.Collect$$libinit$$00000011  c_w.l(libinit2.o)
    0x08000284   0x08000284   0x0000000c   Code   RO         4611    .ARM.Collect$$libinit$$00000012  c_w.l(libinit2.o)
    0x08000290   0x08000290   0x00000000   Code   RO         4612    .ARM.Collect$$libinit$$00000013  c_w.l(libinit2.o)
    0x08000290   0x08000290   0x00000000   Code   RO         4614    .ARM.Collect$$libinit$$00000015  c_w.l(libinit2.o)
    0x08000290   0x08000290   0x0000000a   Code   RO         4615    .ARM.Collect$$libinit$$00000016  c_w.l(libinit2.o)
    0x0800029a   0x0800029a   0x00000000   Code   RO         4616    .ARM.Collect$$libinit$$00000017  c_w.l(libinit2.o)
    0x0800029a   0x0800029a   0x00000000   Code   RO         4618    .ARM.Collect$$libinit$$00000019  c_w.l(libinit2.o)
    0x0800029a   0x0800029a   0x00000000   Code   RO         4620    .ARM.Collect$$libinit$$0000001B  c_w.l(libinit2.o)
    0x0800029a   0x0800029a   0x00000000   Code   RO         4622    .ARM.Collect$$libinit$$0000001D  c_w.l(libinit2.o)
    0x0800029a   0x0800029a   0x00000000   Code   RO         4624    .ARM.Collect$$libinit$$0000001F  c_w.l(libinit2.o)
    0x0800029a   0x0800029a   0x00000000   Code   RO         4626    .ARM.Collect$$libinit$$00000021  c_w.l(libinit2.o)
    0x0800029a   0x0800029a   0x00000000   Code   RO         4628    .ARM.Collect$$libinit$$00000023  c_w.l(libinit2.o)
    0x0800029a   0x0800029a   0x00000000   Code   RO         4630    .ARM.Collect$$libinit$$00000025  c_w.l(libinit2.o)
    0x0800029a   0x0800029a   0x00000000   Code   RO         4634    .ARM.Collect$$libinit$$0000002C  c_w.l(libinit2.o)
    0x0800029a   0x0800029a   0x00000000   Code   RO         4636    .ARM.Collect$$libinit$$0000002E  c_w.l(libinit2.o)
    0x0800029a   0x0800029a   0x00000000   Code   RO         4638    .ARM.Collect$$libinit$$00000030  c_w.l(libinit2.o)
    0x0800029a   0x0800029a   0x00000000   Code   RO         4640    .ARM.Collect$$libinit$$00000032  c_w.l(libinit2.o)
    0x0800029a   0x0800029a   0x00000002   Code   RO         4641    .ARM.Collect$$libinit$$00000033  c_w.l(libinit2.o)
    0x0800029c   0x0800029c   0x00000002   Code   RO         4968    .ARM.Collect$$libshutdown$$00000000  c_w.l(libshutdown.o)
    0x0800029e   0x0800029e   0x00000000   Code   RO         4845    .ARM.Collect$$libshutdown$$00000002  c_w.l(libshutdown2.o)
    0x0800029e   0x0800029e   0x00000000   Code   RO         4847    .ARM.Collect$$libshutdown$$00000004  c_w.l(libshutdown2.o)
    0x0800029e   0x0800029e   0x00000000   Code   RO         4849    .ARM.Collect$$libshutdown$$00000006  c_w.l(libshutdown2.o)
    0x0800029e   0x0800029e   0x00000000   Code   RO         4852    .ARM.Collect$$libshutdown$$00000009  c_w.l(libshutdown2.o)
    0x0800029e   0x0800029e   0x00000000   Code   RO         4855    .ARM.Collect$$libshutdown$$0000000C  c_w.l(libshutdown2.o)
    0x0800029e   0x0800029e   0x00000000   Code   RO         4857    .ARM.Collect$$libshutdown$$0000000E  c_w.l(libshutdown2.o)
    0x0800029e   0x0800029e   0x00000000   Code   RO         4860    .ARM.Collect$$libshutdown$$00000011  c_w.l(libshutdown2.o)
    0x0800029e   0x0800029e   0x00000002   Code   RO         4861    .ARM.Collect$$libshutdown$$00000012  c_w.l(libshutdown2.o)
    0x080002a0   0x080002a0   0x00000000   Code   RO         4498    .ARM.Collect$$rtentry$$00000000  c_w.l(__rtentry.o)
    0x080002a0   0x080002a0   0x00000000   Code   RO         4663    .ARM.Collect$$rtentry$$00000002  c_w.l(__rtentry2.o)
    0x080002a0   0x080002a0   0x00000006   Code   RO         4675    .ARM.Collect$$rtentry$$00000004  c_w.l(__rtentry4.o)
    0x080002a6   0x080002a6   0x00000000   Code   RO         4665    .ARM.Collect$$rtentry$$00000009  c_w.l(__rtentry2.o)
    0x080002a6   0x080002a6   0x00000004   Code   RO         4666    .ARM.Collect$$rtentry$$0000000A  c_w.l(__rtentry2.o)
    0x080002aa   0x080002aa   0x00000000   Code   RO         4668    .ARM.Collect$$rtentry$$0000000C  c_w.l(__rtentry2.o)
    0x080002aa   0x080002aa   0x00000008   Code   RO         4669    .ARM.Collect$$rtentry$$0000000D  c_w.l(__rtentry2.o)
    0x080002b2   0x080002b2   0x00000002   Code   RO         4872    .ARM.Collect$$rtexit$$00000000  c_w.l(rtexit.o)
    0x080002b4   0x080002b4   0x00000000   Code   RO         4917    .ARM.Collect$$rtexit$$00000002  c_w.l(rtexit2.o)
    0x080002b4   0x080002b4   0x00000004   Code   RO         4918    .ARM.Collect$$rtexit$$00000003  c_w.l(rtexit2.o)
    0x080002b8   0x080002b8   0x00000006   Code   RO         4919    .ARM.Collect$$rtexit$$00000004  c_w.l(rtexit2.o)
    0x080002be   0x080002be   0x00000002   PAD
    0x080002c0   0x080002c0   0x00000000   Code   RO         4684    .emb_text           c_w.l(maybetermalloc1.o)
    0x080002c0   0x080002c0   0x00000040   Code   RO            4    .text               startup_stm32f103xe.o
    0x08000300   0x08000300   0x0000005e   Code   RO         4290    .text               c_w.l(h1_alloc.o)
    0x0800035e   0x0800035e   0x0000004e   Code   RO         4292    .text               c_w.l(h1_free.o)
    0x080003ac   0x080003ac   0x000000b8   Code   RO         4294    .text               c_w.l(h1_realloc.o)
    0x08000464   0x08000464   0x0000001a   Code   RO         4354    .text               c_w.l(tolower.o)
    0x0800047e   0x0800047e   0x00000002   PAD
    0x08000480   0x08000480   0x00000034   Code   RO         4356    .text               c_w.l(vsnprintf.o)
    0x080004b4   0x080004b4   0x0000002c   Code   RO         4360    .text               c_w.l(__2sprintf.o)
    0x080004e0   0x080004e0   0x00000038   Code   RO         4362    .text               c_w.l(__2snprintf.o)
    0x08000518   0x08000518   0x0000004e   Code   RO         4372    .text               c_w.l(_printf_pad.o)
    0x08000566   0x08000566   0x00000052   Code   RO         4374    .text               c_w.l(_printf_str.o)
    0x080005b8   0x080005b8   0x00000078   Code   RO         4376    .text               c_w.l(_printf_dec.o)
    0x08000630   0x08000630   0x00000094   Code   RO         4396    .text               c_w.l(_printf_hex_int_ll_ptr.o)
    0x080006c4   0x080006c4   0x00000188   Code   RO         4416    .text               c_w.l(__printf_flags_ss_wp.o)
    0x0800084c   0x0800084c   0x0000003c   Code   RO         4426    .text               c_w.l(__0sscanf.o)
    0x08000888   0x08000888   0x00000014   Code   RO         4432    .text               c_w.l(strchr.o)
    0x0800089c   0x0800089c   0x00000024   Code   RO         4434    .text               c_w.l(strstr.o)
    0x080008c0   0x080008c0   0x00000048   Code   RO         4436    .text               c_w.l(strcpy.o)
    0x08000908   0x08000908   0x00000016   Code   RO         4438    .text               c_w.l(strrchr.o)
    0x0800091e   0x0800091e   0x0000003e   Code   RO         4440    .text               c_w.l(strlen.o)
    0x0800095c   0x0800095c   0x00000096   Code   RO         4442    .text               c_w.l(strncmp.o)
    0x080009f2   0x080009f2   0x0000008a   Code   RO         4446    .text               c_w.l(rt_memcpy_v6.o)
    0x08000a7c   0x08000a7c   0x00000064   Code   RO         4448    .text               c_w.l(rt_memcpy_w.o)
    0x08000ae0   0x08000ae0   0x00000044   Code   RO         4450    .text               c_w.l(rt_memclr.o)
    0x08000b24   0x08000b24   0x0000004e   Code   RO         4452    .text               c_w.l(rt_memclr_w.o)
    0x08000b72   0x08000b72   0x00000056   Code   RO         4454    .text               c_w.l(strncpy.o)
    0x08000bc8   0x08000bc8   0x00000080   Code   RO         4456    .text               c_w.l(strcmpv7m.o)
    0x08000c48   0x08000c48   0x00000006   Code   RO         4458    .text               c_w.l(heapauxi.o)
    0x08000c4e   0x08000c4e   0x00000002   PAD
    0x08000c50   0x08000c50   0x00000010   Code   RO         4499    .text               c_w.l(rt_ctype_table.o)
    0x08000c60   0x08000c60   0x00000008   Code   RO         4504    .text               c_w.l(rt_heap_descriptor_intlibspace.o)
    0x08000c68   0x08000c68   0x00000008   Code   RO         4509    .text               c_w.l(rt_errno_addr_intlibspace.o)
    0x08000c70   0x08000c70   0x00000004   Code   RO         4511    .text               c_w.l(hguard.o)
    0x08000c74   0x08000c74   0x0000008a   Code   RO         4513    .text               c_w.l(init_alloc.o)
    0x08000cfe   0x08000cfe   0x0000000e   Code   RO         4517    .text               c_w.l(h1_init.o)
    0x08000d0c   0x08000d0c   0x00000024   Code   RO         4531    .text               c_w.l(_printf_truncate.o)
    0x08000d30   0x08000d30   0x000000b2   Code   RO         4533    .text               c_w.l(_printf_intcommon.o)
    0x08000de2   0x08000de2   0x00000028   Code   RO         4535    .text               c_w.l(_printf_charcount.o)
    0x08000e0a   0x08000e0a   0x0000041e   Code   RO         4537    .text               c_w.l(_printf_fp_dec.o)
    0x08001228   0x08001228   0x00000030   Code   RO         4539    .text               c_w.l(_printf_char_common.o)
    0x08001258   0x08001258   0x0000000a   Code   RO         4541    .text               c_w.l(_sputc.o)
    0x08001262   0x08001262   0x00000010   Code   RO         4543    .text               c_w.l(_snputc.o)
    0x08001272   0x08001272   0x0000002c   Code   RO         4545    .text               c_w.l(_printf_char.o)
    0x0800129e   0x0800129e   0x00000002   PAD
    0x080012a0   0x080012a0   0x000000bc   Code   RO         4549    .text               c_w.l(_printf_wctomb.o)
    0x0800135c   0x0800135c   0x0000007c   Code   RO         4552    .text               c_w.l(_printf_longlong_dec.o)
    0x080013d8   0x080013d8   0x00000070   Code   RO         4558    .text               c_w.l(_printf_oct_int_ll.o)
    0x08001448   0x08001448   0x000004f8   Code   RO         4577    .text               c_w.l(scanf_fp.o)
    0x08001940   0x08001940   0x0000002c   Code   RO         4579    .text               c_w.l(scanf_char.o)
    0x0800196c   0x0800196c   0x00000040   Code   RO         4581    .text               c_w.l(_sgetc.o)
    0x080019ac   0x080019ac   0x000000a4   Code   RO         4583    .text               c_w.l(strtod.o)
    0x08001a50   0x08001a50   0x00000008   Code   RO         4659    .text               c_w.l(libspace.o)
    0x08001a58   0x08001a58   0x00000008   Code   RO         4680    .text               c_w.l(rt_locale_intlibspace.o)
    0x08001a60   0x08001a60   0x00000034   Code   RO         4686    .text               c_w.l(h1_extend.o)
    0x08001a94   0x08001a94   0x0000008a   Code   RO         4690    .text               c_w.l(lludiv10.o)
    0x08001b1e   0x08001b1e   0x00000012   Code   RO         4692    .text               c_w.l(isspace.o)
    0x08001b30   0x08001b30   0x000002fc   Code   RO         4694    .text               c_w.l(_printf_fp_hex.o)
    0x08001e2c   0x08001e2c   0x00000080   Code   RO         4697    .text               c_w.l(_printf_fp_infnan.o)
    0x08001eac   0x08001eac   0x0000002c   Code   RO         4701    .text               c_w.l(_printf_wchar.o)
    0x08001ed8   0x08001ed8   0x00000374   Code   RO         4703    .text               c_w.l(_scanf.o)
    0x0800224c   0x0800224c   0x000000e4   Code   RO         4707    .text               c_w.l(bigflt0.o)
    0x08002330   0x08002330   0x00000040   Code   RO         4746    .text               c_w.l(_wcrtomb.o)
    0x08002370   0x08002370   0x0000000e   Code   RO         4754    .text               c_w.l(defsig_rtmem_outer.o)
    0x0800237e   0x0800237e   0x00000002   Code   RO         4794    .text               c_w.l(use_no_semi.o)
    0x08002380   0x08002380   0x00000000   Code   RO         4796    .text               c_w.l(indicate_semi.o)
    0x08002380   0x08002380   0x0000004a   Code   RO         4797    .text               c_w.l(sys_stackheap_outer.o)
    0x080023ca   0x080023ca   0x00000016   Code   RO         4803    .text               c_w.l(_rserrno.o)
    0x080023e0   0x080023e0   0x0000001c   Code   RO         4805    .text               c_w.l(_chval.o)
    0x080023fc   0x080023fc   0x00000320   Code   RO         4807    .text               c_w.l(scanf_hexfp.o)
    0x0800271c   0x0800271c   0x00000134   Code   RO         4809    .text               c_w.l(scanf_infnan.o)
    0x08002850   0x08002850   0x00000012   Code   RO         4824    .text               c_w.l(exit.o)
    0x08002862   0x08002862   0x0000000a   Code   RO         4826    .text               c_w.l(defsig_exit.o)
    0x0800286c   0x0800286c   0x00000050   Code   RO         4832    .text               c_w.l(defsig_rtmem_inner.o)
    0x080028bc   0x080028bc   0x0000000c   Code   RO         4870    .text               c_w.l(sys_exit.o)
    0x080028c8   0x080028c8   0x00000026   Code   RO         4878    .text               c_w.l(llshl.o)
    0x080028ee   0x080028ee   0x00000032   Code   RO         4892    .text               c_w.l(defsig_general.o)
    0x08002920   0x08002920   0x0000000e   Code   RO         4914    .text               c_w.l(sys_wrch.o)
    0x0800292e   0x0800292e   0x0000003e   Code   RO         4710    CL$$btod_d2e        c_w.l(btod.o)
    0x0800296c   0x0800296c   0x00000046   Code   RO         4712    CL$$btod_d2e_denorm_low  c_w.l(btod.o)
    0x080029b2   0x080029b2   0x00000060   Code   RO         4711    CL$$btod_d2e_norm_op1  c_w.l(btod.o)
    0x08002a12   0x08002a12   0x00000338   Code   RO         4720    CL$$btod_div_common  c_w.l(btod.o)
    0x08002d4a   0x08002d4a   0x00000002   PAD
    0x08002d4c   0x08002d4c   0x00000084   Code   RO         4718    CL$$btod_e2d        c_w.l(btod.o)
    0x08002dd0   0x08002dd0   0x000000dc   Code   RO         4717    CL$$btod_e2e        c_w.l(btod.o)
    0x08002eac   0x08002eac   0x0000002a   Code   RO         4714    CL$$btod_ediv       c_w.l(btod.o)
    0x08002ed6   0x08002ed6   0x0000002a   Code   RO         4716    CL$$btod_edivd      c_w.l(btod.o)
    0x08002f00   0x08002f00   0x0000002a   Code   RO         4713    CL$$btod_emul       c_w.l(btod.o)
    0x08002f2a   0x08002f2a   0x0000002a   Code   RO         4715    CL$$btod_emuld      c_w.l(btod.o)
    0x08002f54   0x08002f54   0x00000244   Code   RO         4719    CL$$btod_mult_common  c_w.l(btod.o)
    0x08003198   0x08003198   0x000000c4   Code   RO         2893    i.AT_Cmd_Register   at_function.o
    0x0800325c   0x0800325c   0x00000020   Code   RO         2894    i.AT_HW_INIT_CallBack  at_function.o
    0x0800327c   0x0800327c   0x00000038   Code   RO         2895    i.AT_IDLE_CallBack  at_function.o
    0x080032b4   0x080032b4   0x00000084   Code   RO         2896    i.AT_INIT_CallBack  at_function.o
    0x08003338   0x08003338   0x0000001e   Code   RO         2897    i.AT_REGISTER_CallBack  at_function.o
    0x08003356   0x08003356   0x00000002   PAD
    0x08003358   0x08003358   0x00000098   Code   RO         2898    i.AT_SendCmd        at_function.o
    0x080033f0   0x080033f0   0x00000030   Code   RO         2899    i.AT_poll           at_function.o
    0x08003420   0x08003420   0x00000050   Code   RO         2900    i.AT_upload_poll    at_function.o
    0x08003470   0x08003470   0x00000004   Code   RO          337    i.BusFault_Handler  stm32f1xx_it.o
    0x08003474   0x08003474   0x00000010   Code   RO          338    i.DMA1_Channel6_IRQHandler  stm32f1xx_it.o
    0x08003484   0x08003484   0x0000002c   Code   RO         1860    i.DMA_SetConfig     stm32f1xx_hal_dma.o
    0x080034b0   0x080034b0   0x00000002   Code   RO          339    i.DebugMon_Handler  stm32f1xx_it.o
    0x080034b2   0x080034b2   0x00000006   Code   RO           13    i.Error_Handler     main.o
    0x080034b8   0x080034b8   0x00000056   Code   RO         1861    i.HAL_DMA_Abort     stm32f1xx_hal_dma.o
    0x0800350e   0x0800350e   0x00000002   PAD
    0x08003510   0x08003510   0x000001a8   Code   RO         1862    i.HAL_DMA_Abort_IT  stm32f1xx_hal_dma.o
    0x080036b8   0x080036b8   0x00000398   Code   RO         1866    i.HAL_DMA_IRQHandler  stm32f1xx_hal_dma.o
    0x08003a50   0x08003a50   0x0000008c   Code   RO         1867    i.HAL_DMA_Init      stm32f1xx_hal_dma.o
    0x08003adc   0x08003adc   0x0000009c   Code   RO         1871    i.HAL_DMA_Start_IT  stm32f1xx_hal_dma.o
    0x08003b78   0x08003b78   0x00000028   Code   RO         1482    i.HAL_Delay         stm32f1xx_hal.o
    0x08003ba0   0x08003ba0   0x00000340   Code   RO         1797    i.HAL_GPIO_Init     stm32f1xx_hal_gpio.o
    0x08003ee0   0x08003ee0   0x0000000c   Code   RO         1486    i.HAL_GetTick       stm32f1xx_hal.o
    0x08003eec   0x08003eec   0x00000018   Code   RO         1492    i.HAL_IncTick       stm32f1xx_hal.o
    0x08003f04   0x08003f04   0x00000028   Code   RO         1493    i.HAL_Init          stm32f1xx_hal.o
    0x08003f2c   0x08003f2c   0x0000004c   Code   RO         1494    i.HAL_InitTick      stm32f1xx_hal.o
    0x08003f78   0x08003f78   0x00000054   Code   RO          431    i.HAL_MspInit       stm32f1xx_hal_msp.o
    0x08003fcc   0x08003fcc   0x00000020   Code   RO         1957    i.HAL_NVIC_EnableIRQ  stm32f1xx_hal_cortex.o
    0x08003fec   0x08003fec   0x0000007c   Code   RO         1963    i.HAL_NVIC_SetPriority  stm32f1xx_hal_cortex.o
    0x08004068   0x08004068   0x00000028   Code   RO         1964    i.HAL_NVIC_SetPriorityGrouping  stm32f1xx_hal_cortex.o
    0x08004090   0x08004090   0x0000018c   Code   RO         1650    i.HAL_RCC_ClockConfig  stm32f1xx_hal_rcc.o
    0x0800421c   0x0800421c   0x0000000c   Code   RO         1655    i.HAL_RCC_GetHCLKFreq  stm32f1xx_hal_rcc.o
    0x08004228   0x08004228   0x00000020   Code   RO         1657    i.HAL_RCC_GetPCLK1Freq  stm32f1xx_hal_rcc.o
    0x08004248   0x08004248   0x00000020   Code   RO         1658    i.HAL_RCC_GetPCLK2Freq  stm32f1xx_hal_rcc.o
    0x08004268   0x08004268   0x00000070   Code   RO         1659    i.HAL_RCC_GetSysClockFreq  stm32f1xx_hal_rcc.o
    0x080042d8   0x080042d8   0x00000464   Code   RO         1662    i.HAL_RCC_OscConfig  stm32f1xx_hal_rcc.o
    0x0800473c   0x0800473c   0x00000034   Code   RO         1968    i.HAL_SYSTICK_Config  stm32f1xx_hal_cortex.o
    0x08004770   0x08004770   0x00000002   Code   RO         1208    i.HAL_TIMEx_BreakCallback  stm32f1xx_hal_tim_ex.o
    0x08004772   0x08004772   0x00000002   Code   RO         1209    i.HAL_TIMEx_CommutCallback  stm32f1xx_hal_tim_ex.o
    0x08004774   0x08004774   0x0000009c   Code   RO         1227    i.HAL_TIMEx_MasterConfigSynchronization  stm32f1xx_hal_tim_ex.o
    0x08004810   0x08004810   0x00000066   Code   RO          493    i.HAL_TIM_Base_Init  stm32f1xx_hal_tim.o
    0x08004876   0x08004876   0x00000002   PAD
    0x08004878   0x08004878   0x00000040   Code   RO          254    i.HAL_TIM_Base_MspInit  tim.o
    0x080048b8   0x080048b8   0x00000090   Code   RO          498    i.HAL_TIM_Base_Start_IT  stm32f1xx_hal_tim.o
    0x08004948   0x08004948   0x0000010c   Code   RO          502    i.HAL_TIM_ConfigClockSource  stm32f1xx_hal_tim.o
    0x08004a54   0x08004a54   0x00000002   Code   RO          527    i.HAL_TIM_IC_CaptureCallback  stm32f1xx_hal_tim.o
    0x08004a56   0x08004a56   0x0000016c   Code   RO          541    i.HAL_TIM_IRQHandler  stm32f1xx_hal_tim.o
    0x08004bc2   0x08004bc2   0x00000002   Code   RO          544    i.HAL_TIM_OC_DelayElapsedCallback  stm32f1xx_hal_tim.o
    0x08004bc4   0x08004bc4   0x00000002   Code   RO          571    i.HAL_TIM_PWM_PulseFinishedCallback  stm32f1xx_hal_tim.o
    0x08004bc6   0x08004bc6   0x00000012   Code   RO           14    i.HAL_TIM_PeriodElapsedCallback  main.o
    0x08004bd8   0x08004bd8   0x00000002   Code   RO          584    i.HAL_TIM_TriggerCallback  stm32f1xx_hal_tim.o
    0x08004bda   0x08004bda   0x00000070   Code   RO         2493    i.HAL_UARTEx_ReceiveToIdle_DMA  stm32f1xx_hal_uart.o
    0x08004c4a   0x08004c4a   0x00000002   PAD
    0x08004c4c   0x08004c4c   0x00000020   Code   RO           15    i.HAL_UARTEx_RxEventCallback  main.o
    0x08004c6c   0x08004c6c   0x00000002   Code   RO         2509    i.HAL_UART_ErrorCallback  stm32f1xx_hal_uart.o
    0x08004c6e   0x08004c6e   0x00000002   PAD
    0x08004c70   0x08004c70   0x000002e4   Code   RO         2512    i.HAL_UART_IRQHandler  stm32f1xx_hal_uart.o
    0x08004f54   0x08004f54   0x00000076   Code   RO         2513    i.HAL_UART_Init     stm32f1xx_hal_uart.o
    0x08004fca   0x08004fca   0x00000002   PAD
    0x08004fcc   0x08004fcc   0x000000d0   Code   RO          296    i.HAL_UART_MspInit  usart.o
    0x0800509c   0x0800509c   0x00000002   Code   RO         2519    i.HAL_UART_RxCpltCallback  stm32f1xx_hal_uart.o
    0x0800509e   0x0800509e   0x00000002   Code   RO         2520    i.HAL_UART_RxHalfCpltCallback  stm32f1xx_hal_uart.o
    0x080050a0   0x080050a0   0x000000be   Code   RO         2521    i.HAL_UART_Transmit  stm32f1xx_hal_uart.o
    0x0800515e   0x0800515e   0x00000002   Code   RO         2524    i.HAL_UART_TxCpltCallback  stm32f1xx_hal_uart.o
    0x08005160   0x08005160   0x00000004   Code   RO          340    i.HardFault_Handler  stm32f1xx_it.o
    0x08005164   0x08005164   0x00000012   Code   RO         3075    i.MQTTDISCONNECTED_CallBack  at_mqtt.o
    0x08005176   0x08005176   0x00000002   PAD
    0x08005178   0x08005178   0x00000034   Code   RO          229    i.MX_DMA_Init       dma.o
    0x080051ac   0x080051ac   0x00000040   Code   RO          205    i.MX_GPIO_Init      gpio.o
    0x080051ec   0x080051ec   0x0000006c   Code   RO          255    i.MX_TIM2_Init      tim.o
    0x08005258   0x08005258   0x00000038   Code   RO          297    i.MX_USART2_UART_Init  usart.o
    0x08005290   0x08005290   0x00000004   Code   RO          341    i.MemManage_Handler  stm32f1xx_it.o
    0x08005294   0x08005294   0x00000004   Code   RO          342    i.NMI_Handler       stm32f1xx_it.o
    0x08005298   0x08005298   0x00000002   Code   RO          343    i.PendSV_Handler    stm32f1xx_it.o
    0x0800529a   0x0800529a   0x00000002   PAD
    0x0800529c   0x0800529c   0x00000028   Code   RO         1663    i.RCC_Delay         stm32f1xx_hal_rcc.o
    0x080052c4   0x080052c4   0x00000002   Code   RO          344    i.SVC_Handler       stm32f1xx_it.o
    0x080052c6   0x080052c6   0x00000008   Code   RO          345    i.SysTick_Handler   stm32f1xx_it.o
    0x080052ce   0x080052ce   0x00000066   Code   RO           16    i.SystemClock_Config  main.o
    0x08005334   0x08005334   0x00000002   Code   RO         2857    i.SystemInit        system_stm32f1xx.o
    0x08005336   0x08005336   0x00000002   PAD
    0x08005338   0x08005338   0x00000010   Code   RO          346    i.TIM2_IRQHandler   stm32f1xx_it.o
    0x08005348   0x08005348   0x000000ac   Code   RO          586    i.TIM_Base_SetConfig  stm32f1xx_hal_tim.o
    0x080053f4   0x080053f4   0x00000016   Code   RO          597    i.TIM_ETR_SetConfig  stm32f1xx_hal_tim.o
    0x0800540a   0x0800540a   0x00000012   Code   RO          598    i.TIM_ITRx_SetConfig  stm32f1xx_hal_tim.o
    0x0800541c   0x0800541c   0x00000026   Code   RO          604    i.TIM_TI1_ConfigInputStage  stm32f1xx_hal_tim.o
    0x08005442   0x08005442   0x00000028   Code   RO          606    i.TIM_TI2_ConfigInputStage  stm32f1xx_hal_tim.o
    0x0800546a   0x0800546a   0x00000014   Code   RO         2526    i.UART_DMAAbortOnError  stm32f1xx_hal_uart.o
    0x0800547e   0x0800547e   0x00000050   Code   RO         2527    i.UART_DMAError     stm32f1xx_hal_uart.o
    0x080054ce   0x080054ce   0x000000b4   Code   RO         2528    i.UART_DMAReceiveCplt  stm32f1xx_hal_uart.o
    0x08005582   0x08005582   0x00000024   Code   RO         2530    i.UART_DMARxHalfCplt  stm32f1xx_hal_uart.o
    0x080055a6   0x080055a6   0x0000006c   Code   RO         2536    i.UART_EndRxTransfer  stm32f1xx_hal_uart.o
    0x08005612   0x08005612   0x00000020   Code   RO         2537    i.UART_EndTransmit_IT  stm32f1xx_hal_uart.o
    0x08005632   0x08005632   0x00000026   Code   RO         2538    i.UART_EndTxTransfer  stm32f1xx_hal_uart.o
    0x08005658   0x08005658   0x000000fc   Code   RO         2539    i.UART_Receive_IT   stm32f1xx_hal_uart.o
    0x08005754   0x08005754   0x000000fc   Code   RO         2540    i.UART_SetConfig    stm32f1xx_hal_uart.o
    0x08005850   0x08005850   0x000000c8   Code   RO         2541    i.UART_Start_Receive_DMA  stm32f1xx_hal_uart.o
    0x08005918   0x08005918   0x00000060   Code   RO         2543    i.UART_Transmit_IT  stm32f1xx_hal_uart.o
    0x08005978   0x08005978   0x0000008c   Code   RO         2544    i.UART_WaitOnFlagUntilTimeout  stm32f1xx_hal_uart.o
    0x08005a04   0x08005a04   0x00000020   Code   RO          347    i.USART2_IRQHandler  stm32f1xx_it.o
    0x08005a24   0x08005a24   0x00000004   Code   RO          348    i.UsageFault_Handler  stm32f1xx_it.o
    0x08005a28   0x08005a28   0x00000028   Code   RO         4781    i.__ARM_fpclassify  m_ws.l(fpclassify.o)
    0x08005a50   0x08005a50   0x00000010   Code   RO         1970    i.__NVIC_GetPriorityGrouping  stm32f1xx_hal_cortex.o
    0x08005a60   0x08005a60   0x00000028   Code   RO         1971    i.__NVIC_SetPriority  stm32f1xx_hal_cortex.o
    0x08005a88   0x08005a88   0x0000000e   Code   RO         4941    i.__mathlib_dbl_overflow  m_ws.l(dunder.o)
    0x08005a96   0x08005a96   0x00000002   PAD
    0x08005a98   0x08005a98   0x00000010   Code   RO         4943    i.__mathlib_dbl_underflow  m_ws.l(dunder.o)
    0x08005aa8   0x08005aa8   0x00000010   Code   RO         4783    i.__mathlib_narrow  m_ws.l(narrow.o)
    0x08005ab8   0x08005ab8   0x000000bc   Code   RO         4784    i.__mathlib_tofloat  m_ws.l(narrow.o)
    0x08005b74   0x08005b74   0x00000016   Code   RO         4903    i.__support_ldexp   m_ws.l(ldexp.o)
    0x08005b8a   0x08005b8a   0x0000000e   Code   RO         4409    i._is_digit         c_w.l(__printf_wp.o)
    0x08005b98   0x08005b98   0x00000036   Code   RO         3260    i.add_item_to_array  cjson.o
    0x08005bce   0x08005bce   0x0000007a   Code   RO         3261    i.add_item_to_object  cjson.o
    0x08005c48   0x08005c48   0x00000014   Code   RO         2901    i.at_clear          at_function.o
    0x08005c5c   0x08005c5c   0x0000000c   Code   RO         2902    i.at_delay_ms       at_function.o
    0x08005c68   0x08005c68   0x00000018   Code   RO         2903    i.at_device_register  at_function.o
    0x08005c80   0x08005c80   0x00000028   Code   RO         2904    i.at_get_msg        at_function.o
    0x08005ca8   0x08005ca8   0x000000ac   Code   RO         2905    i.at_get_msg_from_ringbuf  at_function.o
    0x08005d54   0x08005d54   0x00000048   Code   RO         2906    i.at_get_msg_type   at_function.o
    0x08005d9c   0x08005d9c   0x00000064   Code   RO         2907    i.at_time_callback  at_function.o
    0x08005e00   0x08005e00   0x00000048   Code   RO         3262    i.buffer_skip_whitespace  cjson.o
    0x08005e48   0x08005e48   0x00000020   Code   RO         3269    i.cJSON_AddItemToObject  cjson.o
    0x08005e68   0x08005e68   0x0000003c   Code   RO         3272    i.cJSON_AddNumberToObject  cjson.o
    0x08005ea4   0x08005ea4   0x00000034   Code   RO         3275    i.cJSON_AddStringToObject  cjson.o
    0x08005ed8   0x08005ed8   0x00000064   Code   RO         3286    i.cJSON_CreateNumber  cjson.o
    0x08005f3c   0x08005f3c   0x00000018   Code   RO         3287    i.cJSON_CreateObject  cjson.o
    0x08005f54   0x08005f54   0x00000034   Code   RO         3290    i.cJSON_CreateString  cjson.o
    0x08005f88   0x08005f88   0x00000060   Code   RO         3294    i.cJSON_Delete      cjson.o
    0x08005fe8   0x08005fe8   0x00000010   Code   RO         3306    i.cJSON_GetErrorPtr  cjson.o
    0x08005ff8   0x08005ff8   0x00000012   Code   RO         3308    i.cJSON_GetObjectItem  cjson.o
    0x0800600a   0x0800600a   0x00000012   Code   RO         3309    i.cJSON_GetObjectItemCaseSensitive  cjson.o
    0x0800601c   0x0800601c   0x0000001a   Code   RO         3325    i.cJSON_New_Item    cjson.o
    0x08006036   0x08006036   0x00000010   Code   RO         3326    i.cJSON_Parse       cjson.o
    0x08006046   0x08006046   0x00000002   PAD
    0x08006048   0x08006048   0x000000d4   Code   RO         3328    i.cJSON_ParseWithLengthOpts  cjson.o
    0x0800611c   0x0800611c   0x00000028   Code   RO         3329    i.cJSON_ParseWithOpts  cjson.o
    0x08006144   0x08006144   0x00000014   Code   RO         3333    i.cJSON_PrintUnformatted  cjson.o
    0x08006158   0x08006158   0x00000038   Code   RO         3343    i.cJSON_strdup      cjson.o
    0x08006190   0x08006190   0x00000048   Code   RO         3344    i.case_insensitive_strcmp  cjson.o
    0x080061d8   0x080061d8   0x00000002   Code   RO         3345    i.cast_away_const   cjson.o
    0x080061da   0x080061da   0x00000002   PAD
    0x080061dc   0x080061dc   0x00000074   Code   RO         3346    i.compare_double    cjson.o
    0x08006250   0x08006250   0x000000b8   Code   RO         3348    i.ensure            cjson.o
    0x08006308   0x08006308   0x00000058   Code   RO         4867    i.frexp             m_ws.l(frexp.o)
    0x08006360   0x08006360   0x00000004   Code   RO         3350    i.get_decimal_point  cjson.o
    0x08006364   0x08006364   0x00000052   Code   RO         3351    i.get_object_item   cjson.o
    0x080063b6   0x080063b6   0x0000000c   Code   RO         3352    i.internal_free     cjson.o
    0x080063c2   0x080063c2   0x0000000c   Code   RO         3353    i.internal_malloc   cjson.o
    0x080063ce   0x080063ce   0x00000010   Code   RO         3354    i.internal_realloc  cjson.o
    0x080063de   0x080063de   0x00000074   Code   RO         4904    i.ldexp             m_ws.l(ldexp.o)
    0x08006452   0x08006452   0x00000002   PAD
    0x08006454   0x08006454   0x00000048   Code   RO           17    i.main              main.o
    0x0800649c   0x0800649c   0x0000022c   Code   RO         3076    i.mqtt_cmd_init     at_mqtt.o
    0x080066c8   0x080066c8   0x0000011c   Code   RO         3077    i.mqtt_parse        at_mqtt.o
    0x080067e4   0x080067e4   0x00000074   Code   RO         3078    i.mqtt_pub          at_mqtt.o
    0x08006858   0x08006858   0x00000160   Code   RO         3079    i.mqtt_refresh      at_mqtt.o
    0x080069b8   0x080069b8   0x0000001c   Code   RO         2908    i.net_send          at_function.o
    0x080069d4   0x080069d4   0x000000f8   Code   RO         3356    i.parse_array       cjson.o
    0x08006acc   0x08006acc   0x0000005a   Code   RO         3357    i.parse_hex4        cjson.o
    0x08006b26   0x08006b26   0x00000002   PAD
    0x08006b28   0x08006b28   0x00000170   Code   RO         3358    i.parse_number      cjson.o
    0x08006c98   0x08006c98   0x0000014c   Code   RO         3359    i.parse_object      cjson.o
    0x08006de4   0x08006de4   0x0000018e   Code   RO         3360    i.parse_string      cjson.o
    0x08006f72   0x08006f72   0x00000002   PAD
    0x08006f74   0x08006f74   0x0000013c   Code   RO         3361    i.parse_value       cjson.o
    0x080070b0   0x080070b0   0x000000bc   Code   RO         3362    i.print             cjson.o
    0x0800716c   0x0800716c   0x000000b2   Code   RO         3363    i.print_array       cjson.o
    0x0800721e   0x0800721e   0x00000002   PAD
    0x08007220   0x08007220   0x00000154   Code   RO         3364    i.print_number      cjson.o
    0x08007374   0x08007374   0x00000174   Code   RO         3365    i.print_object      cjson.o
    0x080074e8   0x080074e8   0x00000010   Code   RO         3366    i.print_string      cjson.o
    0x080074f8   0x080074f8   0x00000174   Code   RO         3367    i.print_string_ptr  cjson.o
    0x0800766c   0x0800766c   0x00000104   Code   RO         3368    i.print_value       cjson.o
    0x08007770   0x08007770   0x00000010   Code   RO         3118    i.ringbuf_free_size  at_ringbuf.o
    0x08007780   0x08007780   0x0000001c   Code   RO         3122    i.ringbuf_init      at_ringbuf.o
    0x0800779c   0x0800779c   0x00000014   Code   RO         3123    i.ringbuf_is_empty  at_ringbuf.o
    0x080077b0   0x080077b0   0x0000006a   Code   RO         3127    i.ringbuf_read      at_ringbuf.o
    0x0800781a   0x0800781a   0x0000001e   Code   RO         3128    i.ringbuf_reset     at_ringbuf.o
    0x08007838   0x08007838   0x0000003a   Code   RO         3130    i.ringbuf_update_read_ptr  at_ringbuf.o
    0x08007872   0x08007872   0x0000000c   Code   RO         3132    i.ringbuf_used_size  at_ringbuf.o
    0x0800787e   0x0800787e   0x00000080   Code   RO         3133    i.ringbuf_write     at_ringbuf.o
    0x080078fe   0x080078fe   0x00000002   PAD
    0x08007900   0x08007900   0x00000090   Code   RO         3080    i.set_ack           at_mqtt.o
    0x08007990   0x08007990   0x0000003c   Code   RO         3372    i.skip_utf8_bom     cjson.o
    0x080079cc   0x080079cc   0x0000001c   Code   RO         4493    i.strtod            m_ws.l(strtod.o)
    0x080079e8   0x080079e8   0x00000006   Code   RO         3373    i.suffix_object     cjson.o
    0x080079ee   0x080079ee   0x00000024   Code   RO         3374    i.update_offset     cjson.o
    0x08007a12   0x08007a12   0x0000012c   Code   RO         3375    i.utf16_literal_to_utf8  cjson.o
    0x08007b3e   0x08007b3e   0x00000002   PAD
    0x08007b40   0x08007b40   0x0000002c   Code   RO         4749    locale$$code        c_w.l(lc_ctype_c.o)
    0x08007b6c   0x08007b6c   0x0000002c   Code   RO         4752    locale$$code        c_w.l(lc_numeric_c.o)
    0x08007b98   0x08007b98   0x00000062   Code   RO         4864    x$fpl$d2f           fz_ws.l(d2f.o)
    0x08007bfa   0x08007bfa   0x00000002   PAD
    0x08007bfc   0x08007bfc   0x00000150   Code   RO         4462    x$fpl$dadd          fz_ws.l(daddsub_clz.o)
    0x08007d4c   0x08007d4c   0x00000010   Code   RO         4935    x$fpl$dcheck1       fz_ws.l(dcheck1.o)
    0x08007d5c   0x08007d5c   0x00000018   Code   RO         4642    x$fpl$dcmpinf       fz_ws.l(dcmpi.o)
    0x08007d74   0x08007d74   0x00000078   Code   RO         4468    x$fpl$deqf          fz_ws.l(deqf.o)
    0x08007dec   0x08007dec   0x0000005e   Code   RO         4470    x$fpl$dfix          fz_ws.l(dfix.o)
    0x08007e4a   0x08007e4a   0x0000002e   Code   RO         4475    x$fpl$dflt          fz_ws.l(dflt_clz.o)
    0x08007e78   0x08007e78   0x00000078   Code   RO         4480    x$fpl$dleqf         fz_ws.l(dleqf.o)
    0x08007ef0   0x08007ef0   0x00000154   Code   RO         4482    x$fpl$dmul          fz_ws.l(dmul.o)
    0x08008044   0x08008044   0x0000009c   Code   RO         4644    x$fpl$dnaninf       fz_ws.l(dnaninf.o)
    0x080080e0   0x080080e0   0x0000000c   Code   RO         4646    x$fpl$dretinf       fz_ws.l(dretinf.o)
    0x080080ec   0x080080ec   0x0000006c   Code   RO         4484    x$fpl$drleqf        fz_ws.l(drleqf.o)
    0x08008158   0x08008158   0x000001d4   Code   RO         4464    x$fpl$dsub          fz_ws.l(daddsub_clz.o)
    0x0800832c   0x0800832c   0x0000000a   Code   RO         4898    x$fpl$fretinf       fz_ws.l(fretinf.o)
    0x08008336   0x08008336   0x00000006   Code   RO         4773    x$fpl$ieeestatus    fz_ws.l(istatus.o)
    0x0800833c   0x0800833c   0x00000004   Code   RO         4488    x$fpl$printf1       fz_ws.l(printf1.o)
    0x08008340   0x08008340   0x00000004   Code   RO         4650    x$fpl$printf2       fz_ws.l(printf2.o)
    0x08008344   0x08008344   0x00000064   Code   RO         4973    x$fpl$retnan        fz_ws.l(retnan.o)
    0x080083a8   0x080083a8   0x0000005c   Code   RO         4900    x$fpl$scalbn        fz_ws.l(scalbn.o)
    0x08008404   0x08008404   0x00000004   Code   RO         4490    x$fpl$scanf1        fz_ws.l(scanf1.o)
    0x08008408   0x08008408   0x00000008   Code   RO         4775    x$fpl$scanf2        fz_ws.l(scanf2.o)
    0x08008410   0x08008410   0x00000030   Code   RO         4975    x$fpl$trapveneer    fz_ws.l(trapv.o)
    0x08008440   0x08008440   0x00000000   Code   RO         4656    x$fpl$usenofp       fz_ws.l(usenofp.o)
    0x08008440   0x08008440   0x00000012   Data   RO         1664    .constdata          stm32f1xx_hal_rcc.o
    0x08008452   0x08008452   0x00000018   Data   RO         2858    .constdata          system_stm32f1xx.o
    0x0800846a   0x0800846a   0x00000028   Data   RO         4397    .constdata          c_w.l(_printf_hex_int_ll_ptr.o)
    0x08008492   0x08008492   0x00000011   Data   RO         4417    .constdata          c_w.l(__printf_flags_ss_wp.o)
    0x080084a3   0x080084a3   0x00000001   PAD
    0x080084a4   0x080084a4   0x00000008   Data   RO         4550    .constdata          c_w.l(_printf_wctomb.o)
    0x080084ac   0x080084ac   0x00000026   Data   RO         4695    .constdata          c_w.l(_printf_fp_hex.o)
    0x080084d2   0x080084d2   0x00000002   PAD
    0x080084d4   0x080084d4   0x00000094   Data   RO         4708    .constdata          c_w.l(bigflt0.o)
    0x08008568   0x08008568   0x0000006a   Data   RO         2910    .conststring        at_function.o
    0x080085d2   0x080085d2   0x00000002   PAD
    0x080085d4   0x080085d4   0x0000006a   Data   RO         3081    .conststring        at_mqtt.o
    0x0800863e   0x0800863e   0x00000002   PAD
    0x08008640   0x08008640   0x00000020   Data   RO         4977    Region$$Table       anon$$obj.o
    0x08008660   0x08008660   0x00000008   Data   RO         4767    c$$dinf             fz_ws.l(fpconst.o)
    0x08008668   0x08008668   0x00000008   Data   RO         4770    c$$dmax             fz_ws.l(fpconst.o)
    0x08008670   0x08008670   0x00000110   Data   RO         4748    locale$$data        c_w.l(lc_ctype_c.o)
    0x08008780   0x08008780   0x0000001c   Data   RO         4751    locale$$data        c_w.l(lc_numeric_c.o)


    Execution Region RW_IRAM1 (Exec base: 0x20000000, Load base: 0x0800879c, Size: 0x000022f8, Max: 0x00010000, ABSOLUTE, COMPRESSED[0x00000074])

    Exec Addr    Load Addr    Size         Type   Attr      Idx    E Section Name        Object

    0x20000000   COMPRESSED   0x00000009   Data   RW         1500    .data               stm32f1xx_hal.o
    0x20000009   COMPRESSED   0x00000003   PAD
    0x2000000c   COMPRESSED   0x00000004   Data   RW         2859    .data               system_stm32f1xx.o
    0x20000010   COMPRESSED   0x00000360   Data   RW         2911    .data               at_function.o
    0x20000370   COMPRESSED   0x00000014   Data   RW         3377    .data               cjson.o
    0x20000384        -       0x00000200   Zero   RW           18    .bss                main.o
    0x20000584        -       0x00000048   Zero   RW          256    .bss                tim.o
    0x200005cc        -       0x0000008c   Zero   RW          298    .bss                usart.o
    0x20000658        -       0x0000082c   Zero   RW         2909    .bss                at_function.o
    0x20000e84        -       0x00000014   Zero   RW         3134    .bss                at_ringbuf.o
    0x20000e98        -       0x00000060   Zero   RW         4660    .bss                c_w.l(libspace.o)
    0x20000ef8        -       0x00001000   Zero   RW            2    HEAP                startup_stm32f103xe.o
    0x20001ef8        -       0x00000400   Zero   RW            1    STACK               startup_stm32f103xe.o


==============================================================================

Image component sizes


      Code (inc. data)   RO Data    RW Data    ZI Data      Debug   Object Name

      1194        108        106        864       2092      14707   at_function.o
      1470        628        106          0          0       4965   at_mqtt.o
       398          0          0          0         20       6436   at_ringbuf.o
      5466        192          0         20          0      39851   cjson.o
        52          4          0          0          0        722   dma.o
        64          6          0          0          0        759   gpio.o
       230         20          0          0        512     494381   main.o
        64         26        304          0       5120        800   startup_stm32f103xe.o
       192         36          0          9          0       6417   stm32f1xx_hal.o
       304         22          0          0          0      29355   stm32f1xx_hal_cortex.o
      1770         28          0          0          0       5214   stm32f1xx_hal_dma.o
       832         40          0          0          0       2044   stm32f1xx_hal_gpio.o
        84          8          0          0          0        874   stm32f1xx_hal_msp.o
      1748         98         18          0          0       5880   stm32f1xx_hal_rcc.o
      1176         44          0          0          0       9255   stm32f1xx_hal_tim.o
       160         22          0          0          0       2393   stm32f1xx_hal_tim_ex.o
      2602         22          0          0          0      15285   stm32f1xx_hal_uart.o
        98         22          0          0          0       5207   stm32f1xx_it.o
         2          0         24          4          0       1083   system_stm32f1xx.o
       172         10          0          0         72       1602   tim.o
       264         32          0          0        140       1709   usart.o

    ----------------------------------------------------------------------
     18374       1368        594        900       7956     648939   Object Totals
         0          0         32          0          0          0   (incl. Generated)
        32          0          4          3          0          0   (incl. Padding)

    ----------------------------------------------------------------------

      Code (inc. data)   RO Data    RW Data    ZI Data      Debug   Library Member Name

        60          8          0          0          0         84   __0sscanf.o
        56          6          0          0          0         88   __2snprintf.o
        44          6          0          0          0         84   __2sprintf.o
        90          0          0          0          0          0   __dczerorl2.o
         8          0          0          0          0         68   __main.o
       392          4         17          0          0         92   __printf_flags_ss_wp.o
        14          0          0          0          0         68   __printf_wp.o
         0          0          0          0          0          0   __rtentry.o
        12          0          0          0          0          0   __rtentry2.o
         6          0          0          0          0          0   __rtentry4.o
        52          8          0          0          0          0   __scatter.o
        28          0          0          0          0          0   __scatter_zi.o
        28          0          0          0          0         68   _chval.o
         6          0          0          0          0          0   _printf_a.o
         6          0          0          0          0          0   _printf_c.o
        44          0          0          0          0        108   _printf_char.o
        48          6          0          0          0         96   _printf_char_common.o
        40          0          0          0          0         68   _printf_charcount.o
         6          0          0          0          0          0   _printf_d.o
       120         16          0          0          0         92   _printf_dec.o
         6          0          0          0          0          0   _printf_e.o
         6          0          0          0          0          0   _printf_f.o
      1054          0          0          0          0        216   _printf_fp_dec.o
       764          8         38          0          0        100   _printf_fp_hex.o
       128         16          0          0          0         84   _printf_fp_infnan.o
         6          0          0          0          0          0   _printf_g.o
       148          4         40          0          0        160   _printf_hex_int_ll_ptr.o
         6          0          0          0          0          0   _printf_i.o
       178          0          0          0          0         88   _printf_intcommon.o
        10          0          0          0          0          0   _printf_l.o
         6          0          0          0          0          0   _printf_lc.o
        10          0          0          0          0          0   _printf_ll.o
         6          0          0          0          0          0   _printf_lld.o
         6          0          0          0          0          0   _printf_lli.o
         6          0          0          0          0          0   _printf_llo.o
         6          0          0          0          0          0   _printf_llu.o
         6          0          0          0          0          0   _printf_llx.o
       124         16          0          0          0         92   _printf_longlong_dec.o
         6          0          0          0          0          0   _printf_ls.o
         6          0          0          0          0          0   _printf_n.o
         6          0          0          0          0          0   _printf_o.o
       112         10          0          0          0        124   _printf_oct_int_ll.o
         6          0          0          0          0          0   _printf_p.o
        78          0          0          0          0        108   _printf_pad.o
         0          0          0          0          0          0   _printf_percent.o
         4          0          0          0          0          0   _printf_percent_end.o
         6          0          0          0          0          0   _printf_s.o
        82          0          0          0          0         80   _printf_str.o
        36          0          0          0          0         84   _printf_truncate.o
         6          0          0          0          0          0   _printf_u.o
        44          0          0          0          0        108   _printf_wchar.o
       188          6          8          0          0         92   _printf_wctomb.o
         6          0          0          0          0          0   _printf_x.o
        22          0          0          0          0        100   _rserrno.o
       884          4          0          0          0        100   _scanf.o
        64          0          0          0          0         84   _sgetc.o
        16          0          0          0          0         68   _snputc.o
        10          0          0          0          0         68   _sputc.o
        64          0          0          0          0         92   _wcrtomb.o
       228          4        148          0          0         96   bigflt0.o
      2152        136          0          0          0        960   btod.o
        10          0          0          0          0         68   defsig_exit.o
        50          0          0          0          0         88   defsig_general.o
        80         58          0          0          0         76   defsig_rtmem_inner.o
        14          0          0          0          0         80   defsig_rtmem_outer.o
        18          0          0          0          0         80   exit.o
        94          0          0          0          0         80   h1_alloc.o
        52          0          0          0          0         68   h1_extend.o
        78          0          0          0          0         80   h1_free.o
        14          0          0          0          0         84   h1_init.o
       184          0          0          0          0         92   h1_realloc.o
         6          0          0          0          0        152   heapauxi.o
         4          0          0          0          0        136   hguard.o
         0          0          0          0          0          0   indicate_semi.o
       138          0          0          0          0        168   init_alloc.o
        18          0          0          0          0         76   isspace.o
        44         10        272          0          0         76   lc_ctype_c.o
        44         10         28          0          0         76   lc_numeric_c.o
         2          0          0          0          0          0   libinit.o
        38          0          0          0          0          0   libinit2.o
         2          0          0          0          0          0   libshutdown.o
         2          0          0          0          0          0   libshutdown2.o
         8          4          0          0         96         68   libspace.o
        38          0          0          0          0         68   llshl.o
       138          0          0          0          0         80   lludiv10.o
         0          0          0          0          0          0   maybetermalloc1.o
        16          4          0          0          0         76   rt_ctype_table.o
         8          4          0          0          0         68   rt_errno_addr_intlibspace.o
         8          4          0          0          0         68   rt_heap_descriptor_intlibspace.o
         8          4          0          0          0         68   rt_locale_intlibspace.o
        68          0          0          0          0         68   rt_memclr.o
        78          0          0          0          0         80   rt_memclr_w.o
       138          0          0          0          0         68   rt_memcpy_v6.o
       100          0          0          0          0         80   rt_memcpy_w.o
         2          0          0          0          0          0   rtexit.o
        10          0          0          0          0          0   rtexit2.o
        44          8          0          0          0         84   scanf_char.o
      1272         16          0          0          0        168   scanf_fp.o
       800         14          0          0          0        100   scanf_hexfp.o
       308         16          0          0          0        100   scanf_infnan.o
        20          0          0          0          0         68   strchr.o
       128          0          0          0          0         68   strcmpv7m.o
        72          0          0          0          0         80   strcpy.o
        62          0          0          0          0         76   strlen.o
       150          0          0          0          0         80   strncmp.o
        86          0          0          0          0         76   strncpy.o
        22          0          0          0          0         68   strrchr.o
        36          0          0          0          0         80   strstr.o
       164         14          0          0          0        120   strtod.o
        12          4          0          0          0         68   sys_exit.o
        74          0          0          0          0         80   sys_stackheap_outer.o
        14          0          0          0          0         76   sys_wrch.o
        26          0          0          0          0         76   tolower.o
         2          0          0          0          0         68   use_no_semi.o
        52          4          0          0          0         80   vsnprintf.o
        98          4          0          0          0         92   d2f.o
       804         16          0          0          0        272   daddsub_clz.o
        16          4          0          0          0         68   dcheck1.o
        24          0          0          0          0         68   dcmpi.o
       120          4          0          0          0         92   deqf.o
        94          4          0          0          0         92   dfix.o
        46          0          0          0          0         68   dflt_clz.o
       120          4          0          0          0         92   dleqf.o
       340         12          0          0          0        104   dmul.o
       156          4          0          0          0         92   dnaninf.o
        12          0          0          0          0         68   dretinf.o
       108          0          0          0          0         80   drleqf.o
         0          0         16          0          0          0   fpconst.o
        10          0          0          0          0         68   fretinf.o
         6          0          0          0          0         68   istatus.o
         4          0          0          0          0         68   printf1.o
         4          0          0          0          0         68   printf2.o
       100          0          0          0          0         68   retnan.o
        92          0          0          0          0         68   scalbn.o
         4          0          0          0          0         68   scanf1.o
         8          0          0          0          0         84   scanf2.o
        48          0          0          0          0         68   trapv.o
         0          0          0          0          0          0   usenofp.o
        30          6          0          0          0        136   dunder.o
        40          0          0          0          0         68   fpclassify.o
        88          8          0          0          0         76   frexp.o
       138          0          0          0          0        160   ldexp.o
       204          4          0          0          0        168   narrow.o
        28          0          0          0          0         80   strtod.o

    ----------------------------------------------------------------------
     15178        504        570          0         96      10212   Library Totals
        18          2          3          0          0          0   (incl. Padding)

    ----------------------------------------------------------------------

      Code (inc. data)   RO Data    RW Data    ZI Data      Debug   Library Name

     12418        432        551          0         96       7708   c_w.l
      2214         52         16          0          0       1816   fz_ws.l
       528         18          0          0          0        688   m_ws.l

    ----------------------------------------------------------------------
     15178        504        570          0         96      10212   Library Totals

    ----------------------------------------------------------------------

==============================================================================


      Code (inc. data)   RO Data    RW Data    ZI Data      Debug   

     33552       1872       1164        900       8052     645055   Grand Totals
     33552       1872       1164        116       8052     645055   ELF Image Totals (compressed)
     33552       1872       1164        116          0          0   ROM Totals

==============================================================================

    Total RO  Size (Code + RO Data)                34716 (  33.90kB)
    Total RW  Size (RW Data + ZI Data)              8952 (   8.74kB)
    Total ROM Size (Code + RO Data + RW Data)      34832 (  34.02kB)

==============================================================================

